<html>
<body>
<pre>
<h1>礦ision Build Log</h1>
<h2>Tool Versions:</h2>
IDE-Version: μVision V5.24.2.0
Copyright (C) 2017 ARM Ltd and ARM Germany GmbH. All rights reserved.
License Information: feng jing, stm32, LIC=YA39H-WGSM9-DY6V3-APLSA-R57ID-MMTK7
 
Tool Versions:
Toolchain:       MDK-ARM Plus  Version: 5.24.1
Toolchain Path:  E:\stm32\ARM\ARMCC\Bin
C Compiler:      Armcc.exe V5.06 update 5 (build 528)
Assembler:       Armasm.exe V5.06 update 5 (build 528)
Linker/Locator:  ArmLink.exe V5.06 update 5 (build 528)
Library Manager: ArmAr.exe V5.06 update 5 (build 528)
Hex Converter:   FromElf.exe V5.06 update 5 (build 528)
CPU DLL:         SARMCM3.DLL V5.24.1
Dialog DLL:      DARMSTM.DLL V1.68.0.0
Target DLL:      STLink\ST-LINKIII-KEIL_SWO.dll V3.0.1.0
Dialog DLL:      TARMSTM.DLL V1.66.0.0
 
<h2>Project:</h2>
E:\stm32shiyan\终版1\USER\CAMERA.uvprojx
Project File Date:  08/29/2022

<h2>Output:</h2>
*** Using Compiler 'V5.06 update 5 (build 528)', folder: 'E:\stm32\ARM\ARMCC\Bin'
Rebuild target 'CAMERA'
compiling spi.c...
compiling led.c...
compiling w25qxx.c...
compiling system_stm32f10x.c...
compiling key.c...
compiling stm32f10x_it.c...
compiling main.c...
data_processing.h(8): warning:  #1295-D: Deprecated declaration TEMP_Value_Conversion - give arg types
  void TEMP_Value_Conversion();
data_processing.h(13): warning:  #1-D: last line of file ends without a newline
  #endif
main.c(160): warning:  #177-D: variable "effect"  was declared but never referenced
  	u8 effect=0,saturation=2,contrast=2;
main.c(160): warning:  #177-D: variable "saturation"  was declared but never referenced
  	u8 effect=0,saturation=2,contrast=2;
main.c(160): warning:  #177-D: variable "contrast"  was declared but never referenced
  	u8 effect=0,saturation=2,contrast=2;
main.c(259): warning:  #223-D: function "ADCx_Init" declared implicitly
  	  ADCx_Init();  											//PA1, PA2, PA4
main.c(261): warning:  #223-D: function "OLED_Init" declared implicitly
  	OLED_Init();  												//PB6, PB7
main.c(262): warning:  #223-D: function "OLED_ShowString" declared implicitly
  	OLED_ShowString(1,1,"PH :");  
main.c(355): warning:  #223-D: function "delay1_ms" declared implicitly
  		delay1_ms(1000);
main.c(236): warning:  #177-D: variable "pixcnt"  was declared but never referenced
   	u16 pixcnt=0;				//像素统计
main.c(237): warning:  #177-D: variable "linecnt"  was declared but never referenced
  	u16 linecnt=0;				//行数统计
main.c: 11 warnings, 0 errors
compiling beep.c...
compiling tpad.c...
compiling timer.c...
compiling lcd.c...
compiling dma.c...
compiling ov2640.c...
compiling sdio_sdcard.c...
compiling sccb.c...
compiling OLED.c...
compiling ds18b20.c...
compiling delay.c...
compiling Delay1.c...
compiling usart.c...
assembling startup_stm32f10x_hd.s...
compiling core_cm3.c...
compiling sys.c...
compiling bsp_usart1.c...
compiling misc.c...
compiling stm32f10x_fsmc.c...
compiling stm32f10x_gpio.c...
compiling stm32f10x_spi.c...
compiling stm32f10x_rcc.c...
compiling stm32f10x_exti.c...
compiling stm32f10x_usart.c...
compiling stm32f10x_tim.c...
compiling stm32f10x_dma.c...
compiling malloc.c...
compiling stm32f10x_sdio.c...
compiling diskio.c...
compiling exfuns.c...
compiling fattester.c...
compiling ff.c...
compiling mycc936.c...
compiling usmart.c...
compiling usmart_config.c...
compiling usmart_str.c...
compiling fontupd.c...
compiling text.c...
compiling bmp.c...
compiling piclib.c...
compiling gif.c...
compiling bsp_adc.c...
compiling stm32f10x_adc.c...
compiling tjpgd.c...
compiling data_processing.c...
..\ADC\data_processing.c(64): warning:  #177-D: variable "GPIO_InitStructure"  was declared but never referenced
  	GPIO_InitTypeDef GPIO_InitStructure;
..\ADC\data_processing.c(188): warning:  #181-D: argument is incompatible with corresponding format string conversion
  		printf("%f\r\n",AD_Value[0]);
..\ADC\data_processing.c(190): warning:  #181-D: argument is incompatible with corresponding format string conversion
  		printf("%f\r\n",AD_Value[1]);
..\ADC\data_processing.c(192): warning:  #181-D: argument is incompatible with corresponding format string conversion
  		printf("%f\r\n",AD_Value[2]);
..\ADC\data_processing.c(195): warning:  #1-D: last line of file ends without a newline
  }
..\ADC\data_processing.c: 5 warnings, 0 errors
linking...
Program Size: Code=46956 RO-data=10424 RW-data=652 ZI-data=64176  
FromELF: creating hex file...
"..\OBJ\CAMERA.axf" - 0 Error(s), 16 Warning(s).

<h2>Software Packages used:</h2>

Package Vendor: Keil
                http://www.keil.com/pack/Keil.STM32F1xx_DFP.2.2.0.pack
                Keil.STM32F1xx_DFP.2.2.0
                STMicroelectronics STM32F1 Series Device Support, Drivers and Examples

<h2>Collection of Component include folders:</h2>
  .\RTE\_CAMERA
  E:\stm32\ARM\PACK\Keil\STM32F1xx_DFP\2.2.0\Device\Include

<h2>Collection of Component Files used:</h2>
Build Time Elapsed:  00:00:06
</pre>
</body>
</html>
