Component: ARM Compiler 5.06 update 5 (build 528) Tool: armlink [4d35e2]

==============================================================================

Section Cross References

    main.o(i.camera_new_pathname) refers to _printf_pad.o(.text) for _printf_pre_padding
    main.o(i.camera_new_pathname) refers to _printf_percent.o(.ARM.Collect$$_printf_percent$$00000000) for _printf_percent
    main.o(i.camera_new_pathname) refers to _printf_d.o(.ARM.Collect$$_printf_percent$$00000009) for _printf_d
    main.o(i.camera_new_pathname) refers to _printf_dec.o(.text) for _printf_int_dec
    main.o(i.camera_new_pathname) refers to noretval__2sprintf.o(.text) for __2sprintf
    main.o(i.camera_new_pathname) refers to ff.o(i.f_open) for f_open
    main.o(i.camera_new_pathname) refers to exfuns.o(.data) for ftemp
    main.o(i.main) refers to delay.o(i.delay_init) for delay_init
    main.o(i.main) refers to misc.o(i.NVIC_PriorityGroupConfig) for NVIC_PriorityGroupConfig
    main.o(i.main) refers to usart.o(i.uart_init) for uart_init
    main.o(i.main) refers to led.o(i.LED_Init) for LED_Init
    main.o(i.main) refers to key.o(i.KEY_Init) for KEY_Init
    main.o(i.main) refers to lcd.o(i.LCD_Init) for LCD_Init
    main.o(i.main) refers to beep.o(i.BEEP_Init) for BEEP_Init
    main.o(i.main) refers to w25qxx.o(i.W25QXX_Init) for W25QXX_Init
    main.o(i.main) refers to malloc.o(i.my_mem_init) for my_mem_init
    main.o(i.main) refers to exfuns.o(i.exfuns_init) for exfuns_init
    main.o(i.main) refers to ff.o(i.f_mount) for f_mount
    main.o(i.main) refers to bsp_adc.o(i.ADCx_Init) for ADCx_Init
    main.o(i.main) refers to oled.o(i.OLED_Init) for OLED_Init
    main.o(i.main) refers to oled.o(i.OLED_ShowString) for OLED_ShowString
    main.o(i.main) refers to lcd.o(i.LCD_ShowString) for LCD_ShowString
    main.o(i.main) refers to delay.o(i.delay_ms) for delay_ms
    main.o(i.main) refers to lcd.o(i.LCD_Fill) for LCD_Fill
    main.o(i.main) refers to fontupd.o(i.font_init) for font_init
    main.o(i.main) refers to text.o(i.Show_Str) for Show_Str
    main.o(i.main) refers to ff.o(i.f_mkdir) for f_mkdir
    main.o(i.main) refers to malloc.o(i.mymalloc) for mymalloc
    main.o(i.main) refers to ov2640.o(i.OV2640_Init) for OV2640_Init
    main.o(i.main) refers to ov2640.o(i.OV2640_RGB565_Mode) for OV2640_RGB565_Mode
    main.o(i.main) refers to ov2640.o(i.OV2640_OutSize_Set) for OV2640_OutSize_Set
    main.o(i.main) refers to main.o(i.ov2640_speed_ctrl) for ov2640_speed_ctrl
    main.o(i.main) refers to dma.o(i.MYDMA_SRAMLCD_Init) for MYDMA_SRAMLCD_Init
    main.o(i.main) refers to key.o(i.KEY_Scan) for KEY_Scan
    main.o(i.main) refers to main.o(i.camera_new_pathname) for camera_new_pathname
    main.o(i.main) refers to main.o(i.ov2640_jpg_photo) for ov2640_jpg_photo
    main.o(i.main) refers to main.o(i.ov2640_sendphoto) for ov2640_sendphoto
    main.o(i.main) refers to data_processing.o(i.PH_Value_Conversion) for PH_Value_Conversion
    main.o(i.main) refers to data_processing.o(i.Display_Data) for Display_Data
    main.o(i.main) refers to data_processing.o(i.TDS_Value_Conversion) for TDS_Value_Conversion
    main.o(i.main) refers to data_processing.o(i.TEMP_Value_Conversion) for TEMP_Value_Conversion
    main.o(i.main) refers to data_processing.o(i.EC_Value_Conversion) for EC_Value_Conversion
    main.o(i.main) refers to data_processing.o(i.printf_Data) for printf_Data
    main.o(i.main) refers to delay1.o(i.delay1_ms) for delay1_ms
    main.o(i.main) refers to usmart_config.o(.data) for usmart_dev
    main.o(i.main) refers to exfuns.o(.data) for fs
    main.o(i.main) refers to lcd.o(.data) for POINT_COLOR
    main.o(i.main) refers to main.o(.data) for .data
    main.o(i.main) refers to lcd.o(.bss) for lcddev
    main.o(i.main) refers to timer.o(.data) for ov_frame
    main.o(i.ov2640_jpg_photo) refers to _printf_percent.o(.ARM.Collect$$_printf_percent$$00000000) for _printf_percent
    main.o(i.ov2640_jpg_photo) refers to _printf_d.o(.ARM.Collect$$_printf_percent$$00000009) for _printf_d
    main.o(i.ov2640_jpg_photo) refers to _printf_dec.o(.text) for _printf_int_dec
    main.o(i.ov2640_jpg_photo) refers to malloc.o(i.mymalloc) for mymalloc
    main.o(i.ov2640_jpg_photo) refers to ov2640.o(i.OV2640_JPEG_Mode) for OV2640_JPEG_Mode
    main.o(i.ov2640_jpg_photo) refers to ov2640.o(i.OV2640_OutSize_Set) for OV2640_OutSize_Set
    main.o(i.ov2640_jpg_photo) refers to sccb.o(i.SCCB_WR_Reg) for SCCB_WR_Reg
    main.o(i.ov2640_jpg_photo) refers to ff.o(i.f_open) for f_open
    main.o(i.ov2640_jpg_photo) refers to noretval__2printf.o(.text) for __2printf
    main.o(i.ov2640_jpg_photo) refers to ff.o(i.f_write) for f_write
    main.o(i.ov2640_jpg_photo) refers to ff.o(i.f_close) for f_close
    main.o(i.ov2640_jpg_photo) refers to ov2640.o(i.OV2640_RGB565_Mode) for OV2640_RGB565_Mode
    main.o(i.ov2640_jpg_photo) refers to malloc.o(i.myfree) for myfree
    main.o(i.ov2640_jpg_photo) refers to main.o(.data) for .data
[...]
    DS18B20_Read_Byte                        0x08001e0d   Thumb Code    84  ds18b20.o(i.DS18B20_Read_Byte)
    DS18B20_Write_Byte                       0x08001e99   Thumb Code    90  ds18b20.o(i.DS18B20_Write_Byte)
    DebugMon_Handler                         0x08001ef9   Thumb Code     2  stm32f10x_it.o(i.DebugMon_Handler)
    Display_Data                             0x08001efd   Thumb Code    58  data_processing.o(i.Display_Data)
    EC_Value_Conversion                      0x08001f3d   Thumb Code   320  data_processing.o(i.EC_Value_Conversion)
    FSMC_NORSRAMCmd                          0x080020bd   Thumb Code    26  stm32f10x_fsmc.o(i.FSMC_NORSRAMCmd)
    FSMC_NORSRAMInit                         0x080020dd   Thumb Code   200  stm32f10x_fsmc.o(i.FSMC_NORSRAMInit)
    FindSCR                                  0x080021a5   Thumb Code   300  sdio_sdcard.o(i.FindSCR)
    GPIO_Init                                0x080022dd   Thumb Code   156  stm32f10x_gpio.o(i.GPIO_Init)
    GPIO_PinRemapConfig                      0x08002379   Thumb Code    82  stm32f10x_gpio.o(i.GPIO_PinRemapConfig)
    GPIO_ReadInputDataBit                    0x080023d1   Thumb Code    14  stm32f10x_gpio.o(i.GPIO_ReadInputDataBit)
    GPIO_ResetBits                           0x080023df   Thumb Code     4  stm32f10x_gpio.o(i.GPIO_ResetBits)
    GPIO_SetBits                             0x080023e3   Thumb Code     4  stm32f10x_gpio.o(i.GPIO_SetBits)
    GPIO_WriteBit                            0x080023e7   Thumb Code    10  stm32f10x_gpio.o(i.GPIO_WriteBit)
    Get_HzMat                                0x080023f1   Thumb Code   134  text.o(i.Get_HzMat)
    HardFault_Handler                        0x0800247d   Thumb Code     2  stm32f10x_it.o(i.HardFault_Handler)
    INTX_DISABLE                             0x0800247f   Thumb Code     4  sys.o(i.INTX_DISABLE)
    INTX_ENABLE                              0x08002483   Thumb Code     4  sys.o(i.INTX_ENABLE)
    IsCardProgramming                        0x08002489   Thumb Code   126  sdio_sdcard.o(i.IsCardProgramming)
    KEY_Init                                 0x08002515   Thumb Code    52  key.o(i.KEY_Init)
    KEY_Scan                                 0x08002551   Thumb Code   190  key.o(i.KEY_Scan)
    LCD_Clear                                0x0800261d   Thumb Code    40  lcd.o(i.LCD_Clear)
    LCD_Display_Dir                          0x0800264d   Thumb Code   180  lcd.o(i.LCD_Display_Dir)
    LCD_Fast_DrawPoint                       0x08002705   Thumb Code   164  lcd.o(i.LCD_Fast_DrawPoint)
    LCD_Fill                                 0x080027b1   Thumb Code    66  lcd.o(i.LCD_Fill)
    LCD_Init                                 0x080027f9   Thumb Code  7746  lcd.o(i.LCD_Init)
    LCD_RD_DATA                              0x08004641   Thumb Code    16  lcd.o(i.LCD_RD_DATA)
    LCD_SSD_BackLightSet                     0x08004655   Thumb Code    50  lcd.o(i.LCD_SSD_BackLightSet)
    LCD_Scan_Dir                             0x08004691   Thumb Code   314  lcd.o(i.LCD_Scan_Dir)
    LCD_SetCursor                            0x080047d5   Thumb Code   172  lcd.o(i.LCD_SetCursor)
    LCD_ShowChar                             0x08004889   Thumb Code   182  lcd.o(i.LCD_ShowChar)
    LCD_ShowString                           0x08004955   Thumb Code    84  lcd.o(i.LCD_ShowString)
    LCD_WriteRAM_Prepare                     0x080049a9   Thumb Code    10  lcd.o(i.LCD_WriteRAM_Prepare)
    LCD_WriteReg                             0x080049bd   Thumb Code    10  lcd.o(i.LCD_WriteReg)
    LED_Init                                 0x080049cd   Thumb Code    70  led.o(i.LED_Init)
    MYDMA_SRAMLCD_Init                       0x08004a1d   Thumb Code    70  dma.o(i.MYDMA_SRAMLCD_Init)
    MemManage_Handler                        0x08004a6d   Thumb Code     2  stm32f10x_it.o(i.MemManage_Handler)
    NMI_Handler                              0x08004a6f   Thumb Code     2  stm32f10x_it.o(i.NMI_Handler)
    NVIC_Init                                0x08004a71   Thumb Code    94  misc.o(i.NVIC_Init)
    NVIC_PriorityGroupConfig                 0x08004ad5   Thumb Code    10  misc.o(i.NVIC_PriorityGroupConfig)
    OLED_Clear                               0x08004ae9   Thumb Code    38  oled.o(i.OLED_Clear)
    OLED_I2C_Init                            0x08004b11   Thumb Code    74  oled.o(i.OLED_I2C_Init)
    OLED_I2C_SendByte                        0x08004b61   Thumb Code    78  oled.o(i.OLED_I2C_SendByte)
    OLED_I2C_Start                           0x08004bb5   Thumb Code    48  oled.o(i.OLED_I2C_Start)
    OLED_I2C_Stop                            0x08004be9   Thumb Code    38  oled.o(i.OLED_I2C_Stop)
    OLED_Init                                0x08004c15   Thumb Code   172  oled.o(i.OLED_Init)
    OLED_SetCursor                           0x08004cc1   Thumb Code    34  oled.o(i.OLED_SetCursor)
    OLED_ShowChar                            0x08004ce5   Thumb Code    98  oled.o(i.OLED_ShowChar)
    OLED_ShowString                          0x08004d4d   Thumb Code    38  oled.o(i.OLED_ShowString)
    OLED_WriteCommand                        0x08004d73   Thumb Code    34  oled.o(i.OLED_WriteCommand)
    OLED_WriteData                           0x08004d95   Thumb Code    34  oled.o(i.OLED_WriteData)
    OV2640_Auto_Exposure                     0x08004db9   Thumb Code    34  ov2640.o(i.OV2640_Auto_Exposure)
    OV2640_Brightness                        0x08004de1   Thumb Code    58  ov2640.o(i.OV2640_Brightness)
    OV2640_Color_Bar                         0x08004e1b   Thumb Code    38  ov2640.o(i.OV2640_Color_Bar)
    OV2640_Color_Saturation                  0x08004e41   Thumb Code    64  ov2640.o(i.OV2640_Color_Saturation)
    OV2640_Contrast                          0x08004e81   Thumb Code   112  ov2640.o(i.OV2640_Contrast)
    OV2640_ImageSize_Set                     0x08004ef1   Thumb Code    78  ov2640.o(i.OV2640_ImageSize_Set)
    OV2640_ImageWin_Set                      0x08004f3f   Thumb Code   136  ov2640.o(i.OV2640_ImageWin_Set)
    OV2640_Init                              0x08004fc9   Thumb Code   348  ov2640.o(i.OV2640_Init)
    OV2640_JPEG_Mode                         0x0800515d   Thumb Code    58  ov2640.o(i.OV2640_JPEG_Mode)
    OV2640_Light_Mode                        0x0800519d   Thumb Code   100  ov2640.o(i.OV2640_Light_Mode)
    OV2640_OutSize_Set                       0x08005201   Thumb Code    84  ov2640.o(i.OV2640_OutSize_Set)
    OV2640_RGB565_Mode                       0x08005255   Thumb Code    30  ov2640.o(i.OV2640_RGB565_Mode)
    OV2640_Special_Effects                   0x08005279   Thumb Code   112  ov2640.o(i.OV2640_Special_Effects)
    OV2640_Window_Set                        0x080052e9   Thumb Code   124  ov2640.o(i.OV2640_Window_Set)
    PH_Value_Conversion                      0x08005365   Thumb Code   166  data_processing.o(i.PH_Value_Conversion)
    PendSV_Handler                           0x08005435   Thumb Code     2  stm32f10x_it.o(i.PendSV_Handler)
    RCC_ADCCLKConfig                         0x08005439   Thumb Code    14  stm32f10x_rcc.o(i.RCC_ADCCLKConfig)
    RCC_AHBPeriphClockCmd                    0x0800544d   Thumb Code    18  stm32f10x_rcc.o(i.RCC_AHBPeriphClockCmd)
    RCC_APB1PeriphClockCmd                   0x08005465   Thumb Code    18  stm32f10x_rcc.o(i.RCC_APB1PeriphClockCmd)
    RCC_APB2PeriphClockCmd                   0x0800547d   Thumb Code    18  stm32f10x_rcc.o(i.RCC_APB2PeriphClockCmd)
    RCC_GetClocksFreq                        0x08005495   Thumb Code   132  stm32f10x_rcc.o(i.RCC_GetClocksFreq)
    SCCB_Init                                0x08005529   Thumb Code    98  sccb.o(i.SCCB_Init)
    SCCB_No_Ack                              0x08005595   Thumb Code    58  sccb.o(i.SCCB_No_Ack)
    SCCB_RD_Byte                             0x080055d9   Thumb Code   102  sccb.o(i.SCCB_RD_Byte)
    SCCB_RD_Reg                              0x0800564d   Thumb Code    76  sccb.o(i.SCCB_RD_Reg)
    SCCB_Start                               0x08005699   Thumb Code    44  sccb.o(i.SCCB_Start)
    SCCB_Stop                                0x080056cd   Thumb Code    46  sccb.o(i.SCCB_Stop)
    SCCB_WR_Byte                             0x08005705   Thumb Code   130  sccb.o(i.SCCB_WR_Byte)
    SCCB_WR_Reg                              0x08005795   Thumb Code    62  sccb.o(i.SCCB_WR_Reg)
    SDEnWideBus                              0x080057d5   Thumb Code   126  sdio_sdcard.o(i.SDEnWideBus)
    SDIO_ClearFlag                           0x08005861   Thumb Code     6  stm32f10x_sdio.o(i.SDIO_ClearFlag)
    SDIO_ClockCmd                            0x0800586d   Thumb Code     8  stm32f10x_sdio.o(i.SDIO_ClockCmd)
    SDIO_Clock_Set                           0x08005879   Thumb Code    14  sdio_sdcard.o(i.SDIO_Clock_Set)
    SDIO_DMACmd                              0x0800588d   Thumb Code     6  stm32f10x_sdio.o(i.SDIO_DMACmd)
    SDIO_DataConfig                          0x08005899   Thumb Code    38  stm32f10x_sdio.o(i.SDIO_DataConfig)
    SDIO_DeInit                              0x080058c5   Thumb Code    26  stm32f10x_sdio.o(i.SDIO_DeInit)
    SDIO_GetFlagStatus                       0x080058e9   Thumb Code    16  stm32f10x_sdio.o(i.SDIO_GetFlagStatus)
    SDIO_GetPowerState                       0x080058fd   Thumb Code    10  stm32f10x_sdio.o(i.SDIO_GetPowerState)
    SDIO_IRQHandler                          0x0800590d   Thumb Code     4  sdio_sdcard.o(i.SDIO_IRQHandler)
    SDIO_Init                                0x08005911   Thumb Code    40  stm32f10x_sdio.o(i.SDIO_Init)
    SDIO_ReadData                            0x0800593d   Thumb Code     8  stm32f10x_sdio.o(i.SDIO_ReadData)
    SDIO_SendCommand                         0x08005949   Thumb Code    34  stm32f10x_sdio.o(i.SDIO_SendCommand)
    SDIO_SetPowerState                       0x08005971   Thumb Code    18  stm32f10x_sdio.o(i.SDIO_SetPowerState)
    SDIO_WriteData                           0x08005989   Thumb Code     8  stm32f10x_sdio.o(i.SDIO_WriteData)
    SD_DMA_Config                            0x08005995   Thumb Code    88  sdio_sdcard.o(i.SD_DMA_Config)
    SD_EnableWideBusOperation                0x080059f5   Thumb Code    68  sdio_sdcard.o(i.SD_EnableWideBusOperation)
    SD_GetCardInfo                           0x08005a41   Thumb Code   526  sdio_sdcard.o(i.SD_GetCardInfo)
    SD_Init                                  0x08005c59   Thumb Code   206  sdio_sdcard.o(i.SD_Init)
    SD_InitializeCards                       0x08005d39   Thumb Code   262  sdio_sdcard.o(i.SD_InitializeCards)
    SD_PowerON                               0x08005e4d   Thumb Code   390  sdio_sdcard.o(i.SD_PowerON)
    SD_ProcessIRQSrc                         0x08005fe9   Thumb Code   220  sdio_sdcard.o(i.SD_ProcessIRQSrc)
    SD_ReadBlock                             0x080060d1   Thumb Code   482  sdio_sdcard.o(i.SD_ReadBlock)
    SD_ReadDisk                              0x080062c9   Thumb Code   114  sdio_sdcard.o(i.SD_ReadDisk)
    SD_ReadMultiBlocks                       0x08006341   Thumb Code   586  sdio_sdcard.o(i.SD_ReadMultiBlocks)
    SD_SelectDeselect                        0x080065a1   Thumb Code    40  sdio_sdcard.o(i.SD_SelectDeselect)
    SD_SetDeviceMode                         0x080065cd   Thumb Code    20  sdio_sdcard.o(i.SD_SetDeviceMode)
    SD_WriteBlock                            0x080065e5   Thumb Code   698  sdio_sdcard.o(i.SD_WriteBlock)
    SD_WriteDisk                             0x080068b1   Thumb Code   108  sdio_sdcard.o(i.SD_WriteDisk)
    SD_WriteMultiBlocks                      0x08006921   Thumb Code   722  sdio_sdcard.o(i.SD_WriteMultiBlocks)
    SPI2_Init                                0x08006c05   Thumb Code   138  spi.o(i.SPI2_Init)
    SPI2_ReadWriteByte                       0x08006c99   Thumb Code    76  spi.o(i.SPI2_ReadWriteByte)
    SPI2_SetSpeed                            0x08006ce9   Thumb Code    24  spi.o(i.SPI2_SetSpeed)
    SPI_Cmd                                  0x08006d05   Thumb Code    20  stm32f10x_spi.o(i.SPI_Cmd)
    SPI_I2S_GetFlagStatus                    0x08006d19   Thumb Code    14  stm32f10x_spi.o(i.SPI_I2S_GetFlagStatus)
    SPI_I2S_ReceiveData                      0x08006d27   Thumb Code     4  stm32f10x_spi.o(i.SPI_I2S_ReceiveData)
    SPI_I2S_SendData                         0x08006d2b   Thumb Code     4  stm32f10x_spi.o(i.SPI_I2S_SendData)
    SPI_Init                                 0x08006d2f   Thumb Code    56  stm32f10x_spi.o(i.SPI_Init)
    SVC_Handler                              0x08006d67   Thumb Code     2  stm32f10x_it.o(i.SVC_Handler)
    Show_Font                                0x08006e11   Thumb Code   154  text.o(i.Show_Font)
    Show_Str                                 0x08006eb5   Thumb Code   174  text.o(i.Show_Str)
    SysTick_CLKSourceConfig                  0x08006f63   Thumb Code    24  misc.o(i.SysTick_CLKSourceConfig)
    SysTick_Handler                          0x08006f7b   Thumb Code     2  stm32f10x_it.o(i.SysTick_Handler)
    SystemInit                               0x08006f7d   Thumb Code    64  system_stm32f10x.o(i.SystemInit)
    TDS_Value_Conversion                     0x08006fcd   Thumb Code   354  data_processing.o(i.TDS_Value_Conversion)
    TEMP_Value_Conversion                    0x0800716d   Thumb Code   126  data_processing.o(i.TEMP_Value_Conversion)
    TIM4_IRQHandler                          0x080071f9   Thumb Code    50  usmart.o(i.TIM4_IRQHandler)
    TIM6_IRQHandler                          0x08007235   Thumb Code    40  timer.o(i.TIM6_IRQHandler)
    TIM_ClearFlag                            0x08007275   Thumb Code     6  stm32f10x_tim.o(i.TIM_ClearFlag)
    TIM_ClearITPendingBit                    0x0800727b   Thumb Code     6  stm32f10x_tim.o(i.TIM_ClearITPendingBit)
    TIM_Cmd                                  0x08007281   Thumb Code    20  stm32f10x_tim.o(i.TIM_Cmd)
    TIM_GetCounter                           0x08007295   Thumb Code     4  stm32f10x_tim.o(i.TIM_GetCounter)
    TIM_GetFlagStatus                        0x08007299   Thumb Code    14  stm32f10x_tim.o(i.TIM_GetFlagStatus)
    TIM_GetITStatus                          0x080072a7   Thumb Code    24  stm32f10x_tim.o(i.TIM_GetITStatus)
    TIM_ITConfig                             0x080072bf   Thumb Code    16  stm32f10x_tim.o(i.TIM_ITConfig)
    TIM_SetAutoreload                        0x080072cf   Thumb Code     4  stm32f10x_tim.o(i.TIM_SetAutoreload)
    TIM_SetCounter                           0x080072d3   Thumb Code     4  stm32f10x_tim.o(i.TIM_SetCounter)
    TIM_TimeBaseInit                         0x080072d9   Thumb Code   114  stm32f10x_tim.o(i.TIM_TimeBaseInit)
    Timer4_Init                              0x08007375   Thumb Code    90  usmart.o(i.Timer4_Init)
    USART1_IRQHandler                        0x080073d5   Thumb Code    88  usart.o(i.USART1_IRQHandler)
    USART_Cmd                                0x08007439   Thumb Code    20  stm32f10x_usart.o(i.USART_Cmd)
    USART_GetFlagStatus                      0x0800744d   Thumb Code    14  stm32f10x_usart.o(i.USART_GetFlagStatus)
    USART_GetITStatus                        0x0800745b   Thumb Code    62  stm32f10x_usart.o(i.USART_GetITStatus)
    USART_ITConfig                           0x08007499   Thumb Code    48  stm32f10x_usart.o(i.USART_ITConfig)
    USART_Init                               0x080074c9   Thumb Code   166  stm32f10x_usart.o(i.USART_Init)
    USART_ReceiveData                        0x08007575   Thumb Code     8  stm32f10x_usart.o(i.USART_ReceiveData)
    USART_SendData                           0x0800757d   Thumb Code     8  stm32f10x_usart.o(i.USART_SendData)
    UsageFault_Handler                       0x08007585   Thumb Code     2  stm32f10x_it.o(i.UsageFault_Handler)
    W25QXX_Erase_Sector                      0x08007589   Thumb Code    74  w25qxx.o(i.W25QXX_Erase_Sector)
    W25QXX_Init                              0x080075e1   Thumb Code    76  w25qxx.o(i.W25QXX_Init)
    W25QXX_Read                              0x08007639   Thumb Code    76  w25qxx.o(i.W25QXX_Read)
    W25QXX_ReadID                            0x08007689   Thumb Code    62  w25qxx.o(i.W25QXX_ReadID)
    W25QXX_ReadSR                            0x080076cd   Thumb Code    32  w25qxx.o(i.W25QXX_ReadSR)
    W25QXX_Wait_Busy                         0x080076f1   Thumb Code    12  w25qxx.o(i.W25QXX_Wait_Busy)
    W25QXX_Write                             0x080076fd   Thumb Code   172  w25qxx.o(i.W25QXX_Write)
    W25QXX_Write_Enable                      0x080077a9   Thumb Code    26  w25qxx.o(i.W25QXX_Write_Enable)
    W25QXX_Write_NoCheck                     0x080077c9   Thumb Code    62  w25qxx.o(i.W25QXX_Write_NoCheck)
    W25QXX_Write_Page                        0x08007809   Thumb Code    82  w25qxx.o(i.W25QXX_Write_Page)
    __ARM_fpclassify                         0x08007861   Thumb Code    40  fpclassify.o(i.__ARM_fpclassify)
    _is_digit                                0x08007889   Thumb Code    14  __printf_wp.o(i._is_digit)
    _sys_exit                                0x08007897   Thumb Code     2  usart.o(i._sys_exit)
    camera_new_pathname                      0x08007899   Thumb Code    58  main.o(i.camera_new_pathname)
    clust2sect                               0x08007991   Thumb Code    24  ff.o(i.clust2sect)
    convert_from_bytes_to_power_of_two       0x080079a9   Thumb Code    18  sdio_sdcard.o(i.convert_from_bytes_to_power_of_two)
    delay1_ms                                0x08007c71   Thumb Code    38  delay1.o(i.delay1_ms)
    delay_init                               0x08007c99   Thumb Code    46  delay.o(i.delay_init)
    delay_ms                                 0x08007cd5   Thumb Code    46  delay.o(i.delay_ms)
    delay_us                                 0x08007d09   Thumb Code    46  delay.o(i.delay_us)
    dir_sdi                                  0x080080f9   Thumb Code   124  ff.o(i.dir_sdi)
    disk_initialize                          0x08008175   Thumb Code    36  diskio.o(i.disk_initialize)
    disk_ioctl                               0x0800819d   Thumb Code   106  diskio.o(i.disk_ioctl)
    disk_read                                0x08008211   Thumb Code    76  diskio.o(i.disk_read)
    disk_status                              0x0800825d   Thumb Code     4  diskio.o(i.disk_status)
    disk_write                               0x08008261   Thumb Code    76  diskio.o(i.disk_write)
    exfuns_init                              0x080082ad   Thumb Code    94  exfuns.o(i.exfuns_init)
    f_close                                  0x08008311   Thumb Code    28  ff.o(i.f_close)
    f_mkdir                                  0x0800832d   Thumb Code   384  ff.o(i.f_mkdir)
    f_mount                                  0x080084ad   Thumb Code    72  ff.o(i.f_mount)
    f_open                                   0x080084f9   Thumb Code   344  ff.o(i.f_open)
    f_sync                                   0x08008651   Thumb Code   152  ff.o(i.f_sync)
    f_write                                  0x080086e9   Thumb Code   384  ff.o(i.f_write)
    ff_convert                               0x08008869   Thumb Code   106  mycc936.o(i.ff_convert)
    ff_memalloc                              0x080088d9   Thumb Code     8  diskio.o(i.ff_memalloc)
    ff_memfree                               0x080088e1   Thumb Code     8  diskio.o(i.ff_memfree)
    ff_wtoupper                              0x080088e9   Thumb Code    28  mycc936.o(i.ff_wtoupper)
    font_init                                0x08008bad   Thumb Code    58  fontupd.o(i.font_init)
    fputc                                    0x08008bed   Thumb Code    18  usart.o(i.fputc)
    get_fat                                  0x08008c91   Thumb Code   190  ff.o(i.get_fat)
    get_fattime                              0x08008d4f   Thumb Code     4  diskio.o(i.get_fattime)
    main                                     0x08008da1   Thumb Code   868  main.o(i.main)
    my_mem_free                              0x0800929d   Thumb Code    78  malloc.o(i.my_mem_free)
    my_mem_init                              0x080092f5   Thumb Code    50  malloc.o(i.my_mem_init)
    my_mem_malloc                            0x08009331   Thumb Code   130  malloc.o(i.my_mem_malloc)
    my_mem_perused                           0x080093bd   Thumb Code    48  malloc.o(i.my_mem_perused)
    myfree                                   0x080093f5   Thumb Code    20  malloc.o(i.myfree)
    mymalloc                                 0x0800940d   Thumb Code    28  malloc.o(i.mymalloc)
    mymemset                                 0x0800942d   Thumb Code    12  malloc.o(i.mymemset)
    ov2640_jpg_photo                         0x08009439   Thumb Code   258  main.o(i.ov2640_jpg_photo)
    ov2640_sendphoto                         0x08009565   Thumb Code   420  main.o(i.ov2640_sendphoto)
    ov2640_speed_ctrl                        0x0800976d   Thumb Code    68  main.o(i.ov2640_speed_ctrl)
    printf_Data                              0x080097b5   Thumb Code    92  data_processing.o(i.printf_Data)
    put_fat                                  0x0800984d   Thumb Code   244  ff.o(i.put_fat)
    read_addr                                0x08009941   Thumb Code     4  usmart.o(i.read_addr)
    uart_init                                0x08009ad5   Thumb Code   152  usart.o(i.uart_init)
    usmart_cmd_rec                           0x08009b75   Thumb Code   144  usmart.o(i.usmart_cmd_rec)
    usmart_exe                               0x08009c09   Thumb Code   510  usmart.o(i.usmart_exe)
    usmart_get_aparm                         0x08009e69   Thumb Code   156  usmart_str.o(i.usmart_get_aparm)
    usmart_get_cmdname                       0x08009f05   Thumb Code    46  usmart_str.o(i.usmart_get_cmdname)
    usmart_get_fname                         0x08009f35   Thumb Code   352  usmart_str.o(i.usmart_get_fname)
    usmart_get_fparam                        0x0800a09d   Thumb Code   202  usmart_str.o(i.usmart_get_fparam)
    usmart_get_parmpos                       0x0800a16d   Thumb Code    30  usmart_str.o(i.usmart_get_parmpos)
    usmart_get_runtime                       0x0800a191   Thumb Code    48  usmart.o(i.usmart_get_runtime)
    usmart_init                              0x0800a1c9   Thumb Code    36  usmart.o(i.usmart_init)
    usmart_pow                               0x0800a1f1   Thumb Code    16  usmart_str.o(i.usmart_pow)
    usmart_reset_runtime                     0x0800a201   Thumb Code    40  usmart.o(i.usmart_reset_runtime)
    usmart_scan                              0x0800a231   Thumb Code    94  usmart.o(i.usmart_scan)
    usmart_search_nextc                      0x0800a2d5   Thumb Code    16  usmart_str.o(i.usmart_search_nextc)
    usmart_str2num                           0x0800a2e5   Thumb Code   160  usmart_str.o(i.usmart_str2num)
    usmart_strcmp                            0x0800a385   Thumb Code    24  usmart_str.o(i.usmart_strcmp)
    usmart_strcopy                           0x0800a39d   Thumb Code    18  usmart_str.o(i.usmart_strcopy)
    usmart_strlen                            0x0800a3af   Thumb Code    18  usmart_str.o(i.usmart_strlen)
    usmart_sys_cmd_exe                       0x0800a3c1   Thumb Code  1442  usmart.o(i.usmart_sys_cmd_exe)
    write_addr                               0x0800aa57   Thumb Code     4  usmart.o(i.write_addr)
    _get_lc_numeric                          0x0800aa5d   Thumb Code    44  lc_numeric_c.o(locale$$code)
    __aeabi_d2f                              0x0800aa89   Thumb Code     0  d2f.o(x$fpl$d2f)
    _d2f                                     0x0800aa89   Thumb Code    98  d2f.o(x$fpl$d2f)
    __aeabi_dadd                             0x0800aaed   Thumb Code     0  daddsub_clz.o(x$fpl$dadd)
    _dadd                                    0x0800aaed   Thumb Code   332  daddsub_clz.o(x$fpl$dadd)
    __fpl_dcheck_NaN1                        0x0800ac3d   Thumb Code    10  dcheck1.o(x$fpl$dcheck1)
    __aeabi_ddiv                             0x0800ac4d   Thumb Code     0  ddiv.o(x$fpl$ddiv)
    _ddiv                                    0x0800ac4d   Thumb Code   552  ddiv.o(x$fpl$ddiv)
    __aeabi_d2uiz                            0x0800aefd   Thumb Code     0  dfixu.o(x$fpl$dfixu)
    _dfixu                                   0x0800aefd   Thumb Code    90  dfixu.o(x$fpl$dfixu)
    __aeabi_i2d                              0x0800af57   Thumb Code     0  dflt_clz.o(x$fpl$dflt)
    _dflt                                    0x0800af57   Thumb Code    46  dflt_clz.o(x$fpl$dflt)
    __aeabi_ui2d                             0x0800af85   Thumb Code     0  dflt_clz.o(x$fpl$dfltu)
    _dfltu                                   0x0800af85   Thumb Code    38  dflt_clz.o(x$fpl$dfltu)
    __aeabi_dmul                             0x0800afad   Thumb Code     0  dmul.o(x$fpl$dmul)
    _dmul                                    0x0800afad   Thumb Code   332  dmul.o(x$fpl$dmul)
    __fpl_dnaninf                            0x0800b101   Thumb Code   156  dnaninf.o(x$fpl$dnaninf)
    __fpl_dretinf                            0x0800b19d   Thumb Code    12  dretinf.o(x$fpl$dretinf)
    __aeabi_dsub                             0x0800b1a9   Thumb Code     0  daddsub_clz.o(x$fpl$dsub)
    _dsub                                    0x0800b1a9   Thumb Code   464  daddsub_clz.o(x$fpl$dsub)
    __aeabi_f2d                              0x0800b37d   Thumb Code     0  f2d.o(x$fpl$f2d)
    _f2d                                     0x0800b37d   Thumb Code    86  f2d.o(x$fpl$f2d)
    __fpl_fcheck_NaN1                        0x0800b3d5   Thumb Code     6  fcheck1.o(x$fpl$fcheck1)
    __aeabi_fdiv                             0x0800b3e1   Thumb Code     0  fdiv.o(x$fpl$fdiv)
    _fdiv                                    0x0800b3e1   Thumb Code   384  fdiv.o(x$fpl$fdiv)
    __aeabi_f2iz                             0x0800b565   Thumb Code     0  ffix.o(x$fpl$ffix)
    _ffix                                    0x0800b565   Thumb Code    54  ffix.o(x$fpl$ffix)
    __aeabi_ui2f                             0x0800b59d   Thumb Code     0  fflt_clz.o(x$fpl$ffltu)
    _ffltu                                   0x0800b59d   Thumb Code    38  fflt_clz.o(x$fpl$ffltu)
    __aeabi_fmul                             0x0800b5c5   Thumb Code     0  fmul.o(x$fpl$fmul)
    _fmul                                    0x0800b5c5   Thumb Code   258  fmul.o(x$fpl$fmul)
    __fpl_fnaninf                            0x0800b6c7   Thumb Code   140  fnaninf.o(x$fpl$fnaninf)
    __fpl_fretinf                            0x0800b753   Thumb Code    10  fretinf.o(x$fpl$fretinf)
    _printf_fp_dec                           0x0800b75d   Thumb Code     4  printf1.o(x$fpl$printf1)
    __fpl_return_NaN                         0x0800b761   Thumb Code   100  retnan.o(x$fpl$retnan)
    __ARM_scalbn                             0x0800b7c5   Thumb Code    92  scalbn.o(x$fpl$scalbn)
    __ARM_scalbnf                            0x0800b821   Thumb Code    76  scalbnf.o(x$fpl$scalbnf)
    __fpl_cmpreturn                          0x0800b86d   Thumb Code    48  trapv.o(x$fpl$trapveneer)
    __I$use$fp                               0x0800b89c   Number         0  usenofp.o(x$fpl$usenofp)
    jpeg_img_size_tbl                        0x0800b89c   Data          20  main.o(.constdata)
    asc2_1206                                0x0800b8b0   Data        1140  lcd.o(.constdata)
    asc2_1608                                0x0800bd24   Data        1520  lcd.o(.constdata)
    asc2_2412                                0x0800c314   Data        3420  lcd.o(.constdata)
    ov2640_uxga_init_reg_tbl                 0x0800d070   Data         356  ov2640.o(.constdata)
    ov2640_yuv422_reg_tbl                    0x0800d1d4   Data          16  ov2640.o(.constdata)
    ov2640_jpeg_reg_tbl                      0x0800d1e4   Data          14  ov2640.o(.constdata)
    ov2640_rgb565_reg_tbl                    0x0800d1f2   Data          28  ov2640.o(.constdata)
    OLED_F8x16                               0x0800d236   Data        1520  oled.o(.constdata)
    memtblsize                               0x0800d828   Data           8  malloc.o(.constdata)
    memblksize                               0x0800d830   Data           8  malloc.o(.constdata)
    memsize                                  0x0800d838   Data           8  malloc.o(.constdata)
    Region$$Table$$Base                      0x0800dfe8   Number         0  anon$$obj.o(Region$$Table)
    Region$$Table$$Limit                     0x0800e008   Number         0  anon$$obj.o(Region$$Table)
    ov2640_framebuf                          0x20000000   Data           4  main.o(.data)
    JPEG_SIZE_TBL                            0x20000004   Data          36  main.o(.data)
    SystemCoreClock                          0x20000028   Data           4  system_stm32f10x.o(.data)
    AHBPrescTable                            0x2000002c   Data          16  system_stm32f10x.o(.data)
    POINT_COLOR                              0x2000003e   Data           2  lcd.o(.data)
    BACK_COLOR                               0x20000040   Data           2  lcd.o(.data)
    W25QXX_TYPE                              0x20000042   Data           2  w25qxx.o(.data)
    TransferError                            0x20000047   Data           1  sdio_sdcard.o(.data)
    TransferEnd                              0x20000048   Data           1  sdio_sdcard.o(.data)
    tempbuff                                 0x20000050   Data           4  sdio_sdcard.o(.data)
    ov_frame                                 0x20000054   Data           1  timer.o(.data)
    USART_RX_STA                             0x2000005a   Data           2  usart.o(.data)
    __stdout                                 0x2000005c   Data           4  usart.o(.data)
    mallco_dev                               0x20000074   Data          28  malloc.o(.data)
    FLASH_SECTOR_COUNT                       0x20000090   Data           2  diskio.o(.data)
    file                                     0x200000a0   Data           4  exfuns.o(.data)
    ftemp                                    0x200000a4   Data           4  exfuns.o(.data)
    fatbuf                                   0x200000a8   Data           4  exfuns.o(.data)
    fs                                       0x200000ac   Data           8  exfuns.o(.data)
    sys_cmd_tab                              0x200000b4   Data          28  usmart.o(.data)
    usmart_nametab                           0x200000d0   Data         136  usmart_config.o(.data)
    usmart_dev                               0x20000158   Data         244  usmart_config.o(.data)
    AD_Value                                 0x2000024c   Data           6  bsp_adc.o(.data)
    PH_Value                                 0x20000254   Data           4  data_processing.o(.data)
    TDS_value                                0x20000258   Data           4  data_processing.o(.data)
    temp_data                                0x2000025c   Data           4  data_processing.o(.data)
    compensationCoefficient                  0x20000260   Data           4  data_processing.o(.data)
    kValue                                   0x20000264   Data           4  data_processing.o(.data)
    EC_value                                 0x20000268   Data           4  data_processing.o(.data)
    kValue_Low                               0x2000026c   Data           4  data_processing.o(.data)
    kValue_High                              0x20000270   Data           4  data_processing.o(.data)
    rawEC                                    0x20000274   Data           4  data_processing.o(.data)
    EC_valueTemp                             0x20000278   Data           4  data_processing.o(.data)
    TDS_voltage                              0x2000027c   Data           4  data_processing.o(.data)
    compensationVolatge                      0x20000280   Data           4  data_processing.o(.data)
    EC_voltage                               0x20000284   Data           4  data_processing.o(.data)
    ADC_ConvertedValueLocal                  0x20000288   Data           4  data_processing.o(.data)
    lcddev                                   0x2000028c   Data          14  lcd.o(.bss)
    SDIO_InitStructure                       0x200002a0   Data          24  sdio_sdcard.o(.bss)
    SDIO_CmdInitStructure                    0x200002b8   Data          20  sdio_sdcard.o(.bss)
    SDIO_DataInitStructure                   0x200002cc   Data          24  sdio_sdcard.o(.bss)
    SDCardInfo                               0x20000308   Data          88  sdio_sdcard.o(.bss)
    SDIO_DATA_BUFFER                         0x20000360   Data         512  sdio_sdcard.o(.bss)
    USART_RX_BUF                             0x20000560   Data         200  usart.o(.bss)
    mem1base                                 0x20000640   Data       58368  malloc.o(.bss)
    mem1mapbase                              0x2000ea40   Data        3648  malloc.o(.bss)
    ftinfo                                   0x2000f880   Data          33  fontupd.o(.bss)
    Tx                                       0x2000f8a1   Data          20  data_processing.o(.bss)
    __libspace_start                         0x2000f8b8   Data          96  libspace.o(.bss)
    __temporary_stack_top$libspace           0x2000f918   Data           0  libspace.o(.bss)
    mem2base                                 0x68000000   Data          32  malloc.o(.ARM.__AT_0x68000000)
    mem2mapbase                              0x68000020   Data           2  malloc.o(.ARM.__AT_0x68000020)



==============================================================================

Memory Map of the image

  Image Entry point : 0x08000131

  Load Region LR_IROM1 (Base: 0x08000000, Size: 0x0000e2b0, Max: 0x00080000, ABSOLUTE, COMPRESSED[0x0000e120])

    Execution Region ER_IROM1 (Exec base: 0x08000000, Load base: 0x08000000, Size: 0x0000e024, Max: 0x00080000, ABSOLUTE)

    Exec Addr    Load Addr    Size         Type   Attr      Idx    E Section Name        Object

    0x08000000   0x08000000   0x00000130   Data   RO         1472    RESET               startup_stm32f10x_hd.o
    0x08000130   0x08000130   0x00000008   Code   RO         4712  * !!!main             c_w.l(__main.o)
    0x08000138   0x08000138   0x00000034   Code   RO         5024    !!!scatter          c_w.l(__scatter.o)
    0x0800016c   0x0800016c   0x0000005a   Code   RO         5022    !!dczerorl2         c_w.l(__dczerorl2.o)
    0x080001c6   0x080001c6   0x00000002   PAD
    0x080001c8   0x080001c8   0x0000001c   Code   RO         5026    !!handler_zi        c_w.l(__scatter_zi.o)
    0x080001e4   0x080001e4   0x00000000   Code   RO         4699    .ARM.Collect$$_printf_percent$$00000000  c_w.l(_printf_percent.o)
    0x080001e4   0x080001e4   0x00000006   Code   RO         4698    .ARM.Collect$$_printf_percent$$00000003  c_w.l(_printf_f.o)
    0x080001ea   0x080001ea   0x00000006   Code   RO         4696    .ARM.Collect$$_printf_percent$$00000009  c_w.l(_printf_d.o)
    0x080001f0   0x080001f0   0x00000006   Code   RO         4697    .ARM.Collect$$_printf_percent$$0000000A  c_w.l(_printf_u.o)
    0x080001f6   0x080001f6   0x00000006   Code   RO         4695    .ARM.Collect$$_printf_percent$$0000000C  c_w.l(_printf_x.o)
    0x080001fc   0x080001fc   0x00000006   Code   RO         4693    .ARM.Collect$$_printf_percent$$00000013  c_w.l(_printf_c.o)
    0x08000202   0x08000202   0x00000006   Code   RO         4694    .ARM.Collect$$_printf_percent$$00000014  c_w.l(_printf_s.o)
    0x08000208   0x08000208   0x00000004   Code   RO         4793    .ARM.Collect$$_printf_percent$$00000017  c_w.l(_printf_percent_end.o)
    0x0800020c   0x0800020c   0x00000002   Code   RO         4893    .ARM.Collect$$libinit$$00000000  c_w.l(libinit.o)
    0x0800020e   0x0800020e   0x00000000   Code   RO         4895    .ARM.Collect$$libinit$$00000002  c_w.l(libinit2.o)
    0x0800020e   0x0800020e   0x00000000   Code   RO         4897    .ARM.Collect$$libinit$$00000004  c_w.l(libinit2.o)
    0x0800020e   0x0800020e   0x00000000   Code   RO         4900    .ARM.Collect$$libinit$$0000000A  c_w.l(libinit2.o)
    0x0800020e   0x0800020e   0x00000000   Code   RO         4902    .ARM.Collect$$libinit$$0000000C  c_w.l(libinit2.o)
    0x0800020e   0x0800020e   0x00000000   Code   RO         4904    .ARM.Collect$$libinit$$0000000E  c_w.l(libinit2.o)
    0x0800020e   0x0800020e   0x00000006   Code   RO         4905    .ARM.Collect$$libinit$$0000000F  c_w.l(libinit2.o)
    0x08000214   0x08000214   0x00000000   Code   RO         4907    .ARM.Collect$$libinit$$00000011  c_w.l(libinit2.o)
    0x08000214   0x08000214   0x00000000   Code   RO         4909    .ARM.Collect$$libinit$$00000013  c_w.l(libinit2.o)
    0x08000214   0x08000214   0x00000000   Code   RO         4911    .ARM.Collect$$libinit$$00000015  c_w.l(libinit2.o)
    0x08000214   0x08000214   0x0000000a   Code   RO         4912    .ARM.Collect$$libinit$$00000016  c_w.l(libinit2.o)
    0x0800021e   0x0800021e   0x00000000   Code   RO         4913    .ARM.Collect$$libinit$$00000017  c_w.l(libinit2.o)
    0x0800021e   0x0800021e   0x00000000   Code   RO         4915    .ARM.Collect$$libinit$$00000019  c_w.l(libinit2.o)
    0x0800021e   0x0800021e   0x00000000   Code   RO         4917    .ARM.Collect$$libinit$$0000001B  c_w.l(libinit2.o)
    0x0800021e   0x0800021e   0x00000000   Code   RO         4919    .ARM.Collect$$libinit$$0000001D  c_w.l(libinit2.o)
    0x0800021e   0x0800021e   0x00000000   Code   RO         4921    .ARM.Collect$$libinit$$0000001F  c_w.l(libinit2.o)
    0x0800021e   0x0800021e   0x00000000   Code   RO         4923    .ARM.Collect$$libinit$$00000021  c_w.l(libinit2.o)
    0x0800021e   0x0800021e   0x00000000   Code   RO         4925    .ARM.Collect$$libinit$$00000023  c_w.l(libinit2.o)
    0x0800021e   0x0800021e   0x00000000   Code   RO         4927    .ARM.Collect$$libinit$$00000025  c_w.l(libinit2.o)
    0x0800021e   0x0800021e   0x00000000   Code   RO         4931    .ARM.Collect$$libinit$$0000002C  c_w.l(libinit2.o)
    0x0800021e   0x0800021e   0x00000000   Code   RO         4933    .ARM.Collect$$libinit$$0000002E  c_w.l(libinit2.o)
    0x0800021e   0x0800021e   0x00000000   Code   RO         4935    .ARM.Collect$$libinit$$00000030  c_w.l(libinit2.o)
    0x0800021e   0x0800021e   0x00000000   Code   RO         4937    .ARM.Collect$$libinit$$00000032  c_w.l(libinit2.o)
    0x0800021e   0x0800021e   0x00000002   Code   RO         4938    .ARM.Collect$$libinit$$00000033  c_w.l(libinit2.o)
    0x08000220   0x08000220   0x00000002   Code   RO         4982    .ARM.Collect$$libshutdown$$00000000  c_w.l(libshutdown.o)
    0x08000222   0x08000222   0x00000000   Code   RO         4991    .ARM.Collect$$libshutdown$$00000002  c_w.l(libshutdown2.o)
    0x08000222   0x08000222   0x00000000   Code   RO         4993    .ARM.Collect$$libshutdown$$00000004  c_w.l(libshutdown2.o)
    0x08000222   0x08000222   0x00000000   Code   RO         4996    .ARM.Collect$$libshutdown$$00000007  c_w.l(libshutdown2.o)
    0x08000222   0x08000222   0x00000000   Code   RO         4999    .ARM.Collect$$libshutdown$$0000000A  c_w.l(libshutdown2.o)
    0x08000222   0x08000222   0x00000000   Code   RO         5001    .ARM.Collect$$libshutdown$$0000000C  c_w.l(libshutdown2.o)
    0x08000222   0x08000222   0x00000000   Code   RO         5004    .ARM.Collect$$libshutdown$$0000000F  c_w.l(libshutdown2.o)
    0x08000222   0x08000222   0x00000002   Code   RO         5005    .ARM.Collect$$libshutdown$$00000010  c_w.l(libshutdown2.o)
    0x08000224   0x08000224   0x00000000   Code   RO         4778    .ARM.Collect$$rtentry$$00000000  c_w.l(__rtentry.o)
    0x08000224   0x08000224   0x00000000   Code   RO         4812    .ARM.Collect$$rtentry$$00000002  c_w.l(__rtentry2.o)
    0x08000224   0x08000224   0x00000006   Code   RO         4824    .ARM.Collect$$rtentry$$00000004  c_w.l(__rtentry4.o)
    0x0800022a   0x0800022a   0x00000000   Code   RO         4814    .ARM.Collect$$rtentry$$00000009  c_w.l(__rtentry2.o)
    0x0800022a   0x0800022a   0x00000004   Code   RO         4815    .ARM.Collect$$rtentry$$0000000A  c_w.l(__rtentry2.o)
    0x0800022e   0x0800022e   0x00000000   Code   RO         4817    .ARM.Collect$$rtentry$$0000000C  c_w.l(__rtentry2.o)
    0x0800022e   0x0800022e   0x00000008   Code   RO         4818    .ARM.Collect$$rtentry$$0000000D  c_w.l(__rtentry2.o)
    0x08000236   0x08000236   0x00000002   Code   RO         4941    .ARM.Collect$$rtexit$$00000000  c_w.l(rtexit.o)
    0x08000238   0x08000238   0x00000000   Code   RO         4952    .ARM.Collect$$rtexit$$00000002  c_w.l(rtexit2.o)
    0x08000238   0x08000238   0x00000004   Code   RO         4953    .ARM.Collect$$rtexit$$00000003  c_w.l(rtexit2.o)
    0x0800023c   0x0800023c   0x00000006   Code   RO         4954    .ARM.Collect$$rtexit$$00000004  c_w.l(rtexit2.o)
    0x08000242   0x08000242   0x00000002   PAD
    0x08000244   0x08000244   0x0000003c   Code   RO         1473    .text               startup_stm32f10x_hd.o
    0x08000280   0x08000280   0x00000002   Code   RO         4632    .text               c_w.l(use_no_semi_2.o)
    0x08000282   0x08000282   0x00000048   Code   RO         4634    .text               c_w.l(llsdiv.o)
    0x080002ca   0x080002ca   0x00000002   PAD
    0x080002cc   0x080002cc   0x00000018   Code   RO         4640    .text               c_w.l(noretval__2printf.o)
    0x080002e4   0x080002e4   0x00000028   Code   RO         4642    .text               c_w.l(noretval__2sprintf.o)
    0x0800030c   0x0800030c   0x0000004e   Code   RO         4646    .text               c_w.l(_printf_pad.o)
    0x0800035a   0x0800035a   0x00000052   Code   RO         4648    .text               c_w.l(_printf_str.o)
    0x080003ac   0x080003ac   0x00000078   Code   RO         4650    .text               c_w.l(_printf_dec.o)
    0x08000424   0x08000424   0x00000058   Code   RO         4655    .text               c_w.l(_printf_hex_int.o)
    0x0800047c   0x0800047c   0x00000188   Code   RO         4690    .text               c_w.l(__printf_flags_ss_wp.o)
    0x08000604   0x08000604   0x0000008a   Code   RO         4706    .text               c_w.l(rt_memcpy_v6.o)
    0x0800068e   0x0800068e   0x00000002   PAD
    0x08000690   0x08000690   0x00000080   Code   RO         4708    .text               c_w.l(strcmpv7m.o)
    0x08000710   0x08000710   0x00000006   Code   RO         4710    .text               c_w.l(heapauxi.o)
    0x08000716   0x08000716   0x00000002   Code   RO         4776    .text               c_w.l(use_no_semi.o)
    0x08000718   0x08000718   0x000000ee   Code   RO         4779    .text               c_w.l(lludivv7m.o)
    0x08000806   0x08000806   0x000000b2   Code   RO         4781    .text               c_w.l(_printf_intcommon.o)
    0x080008b8   0x080008b8   0x0000041e   Code   RO         4783    .text               c_w.l(_printf_fp_dec.o)
    0x08000cd6   0x08000cd6   0x00000002   PAD
    0x08000cd8   0x08000cd8   0x00000030   Code   RO         4785    .text               c_w.l(_printf_char_common.o)
    0x08000d08   0x08000d08   0x0000000a   Code   RO         4787    .text               c_w.l(_sputc.o)
    0x08000d12   0x08000d12   0x0000002c   Code   RO         4789    .text               c_w.l(_printf_char.o)
    0x08000d3e   0x08000d3e   0x00000002   PAD
    0x08000d40   0x08000d40   0x00000024   Code   RO         4791    .text               c_w.l(_printf_char_file.o)
    0x08000d64   0x08000d64   0x00000064   Code   RO         4794    .text               c_w.l(rt_memcpy_w.o)
    0x08000dc8   0x08000dc8   0x00000008   Code   RO         4833    .text               c_w.l(rt_locale_intlibspace.o)
    0x08000dd0   0x08000dd0   0x0000008a   Code   RO         4835    .text               c_w.l(lludiv10.o)
    0x08000e5a   0x08000e5a   0x00000002   PAD
    0x08000e5c   0x08000e5c   0x00000080   Code   RO         4837    .text               c_w.l(_printf_fp_infnan.o)
    0x08000edc   0x08000edc   0x000000e4   Code   RO         4841    .text               c_w.l(bigflt0.o)
    0x08000fc0   0x08000fc0   0x00000008   Code   RO         4866    .text               c_w.l(ferror.o)
    0x08000fc8   0x08000fc8   0x00000008   Code   RO         4879    .text               c_w.l(libspace.o)
    0x08000fd0   0x08000fd0   0x0000004a   Code   RO         4882    .text               c_w.l(sys_stackheap_outer.o)
    0x0800101a   0x0800101a   0x00000012   Code   RO         4886    .text               c_w.l(exit.o)
    0x0800102c   0x0800102c   0x0000003e   Code   RO         4844    CL$$btod_d2e        c_w.l(btod.o)
    0x0800106a   0x0800106a   0x00000046   Code   RO         4846    CL$$btod_d2e_denorm_low  c_w.l(btod.o)
    0x080010b0   0x080010b0   0x00000060   Code   RO         4845    CL$$btod_d2e_norm_op1  c_w.l(btod.o)
    0x08001110   0x08001110   0x00000338   Code   RO         4854    CL$$btod_div_common  c_w.l(btod.o)
    0x08001448   0x08001448   0x000000dc   Code   RO         4851    CL$$btod_e2e        c_w.l(btod.o)
    0x08001524   0x08001524   0x0000002a   Code   RO         4848    CL$$btod_ediv       c_w.l(btod.o)
    0x0800154e   0x0800154e   0x0000002a   Code   RO         4847    CL$$btod_emul       c_w.l(btod.o)
    0x08001578   0x08001578   0x00000244   Code   RO         4853    CL$$btod_mult_common  c_w.l(btod.o)
    0x080017bc   0x080017bc   0x00000014   Code   RO         4334    i.ADC_Cmd           stm32f10x_adc.o
    0x080017d0   0x080017d0   0x00000014   Code   RO         4335    i.ADC_DMACmd        stm32f10x_adc.o
    0x080017e4   0x080017e4   0x0000000e   Code   RO         4342    i.ADC_GetCalibrationStatus  stm32f10x_adc.o
    0x080017f2   0x080017f2   0x0000000e   Code   RO         4348    i.ADC_GetResetCalibrationStatus  stm32f10x_adc.o
    0x08001800   0x08001800   0x00000048   Code   RO         4352    i.ADC_Init          stm32f10x_adc.o
    0x08001848   0x08001848   0x00000074   Code   RO         4356    i.ADC_RegularChannelConfig  stm32f10x_adc.o
    0x080018bc   0x080018bc   0x0000000a   Code   RO         4357    i.ADC_ResetCalibration  stm32f10x_adc.o
    0x080018c6   0x080018c6   0x00000014   Code   RO         4359    i.ADC_SoftwareStartConvCmd  stm32f10x_adc.o
    0x080018da   0x080018da   0x0000000a   Code   RO         4361    i.ADC_StartCalibration  stm32f10x_adc.o
    0x080018e4   0x080018e4   0x00000108   Code   RO         4310    i.ADCx_Init         bsp_adc.o
    0x080019ec   0x080019ec   0x00000038   Code   RO          913    i.BEEP_Init         beep.o
    0x08001a24   0x08001a24   0x00000002   Code   RO          238    i.BusFault_Handler  stm32f10x_it.o
    0x08001a26   0x08001a26   0x0000002a   Code   RO          717    i.CmdError          sdio_sdcard.o
    0x08001a50   0x08001a50   0x00000050   Code   RO          718    i.CmdResp1Error     sdio_sdcard.o
    0x08001aa0   0x08001aa0   0x00000048   Code   RO          719    i.CmdResp2Error     sdio_sdcard.o
    0x08001ae8   0x08001ae8   0x00000030   Code   RO          720    i.CmdResp3Error     sdio_sdcard.o
    0x08001b18   0x08001b18   0x00000078   Code   RO          721    i.CmdResp6Error     sdio_sdcard.o
    0x08001b90   0x08001b90   0x0000003c   Code   RO          722    i.CmdResp7Error     sdio_sdcard.o
    0x08001bcc   0x08001bcc   0x00000016   Code   RO         2860    i.DMA_Cmd           stm32f10x_dma.o
    0x08001be2   0x08001be2   0x00000002   PAD
    0x08001be4   0x08001be4   0x000000e4   Code   RO         2861    i.DMA_DeInit        stm32f10x_dma.o
    0x08001cc8   0x08001cc8   0x0000003a   Code   RO         2866    i.DMA_Init          stm32f10x_dma.o
    0x08001d02   0x08001d02   0x00000002   PAD
    0x08001d04   0x08001d04   0x00000068   Code   RO         1271    i.DS18B20_Get_Temp  ds18b20.o
    0x08001d6c   0x08001d6c   0x00000020   Code   RO         1273    i.DS18B20_Mode_IPU  ds18b20.o
    0x08001d8c   0x08001d8c   0x00000024   Code   RO         1274    i.DS18B20_Mode_Out_PP  ds18b20.o
    0x08001db0   0x08001db0   0x0000005c   Code   RO         1275    i.DS18B20_Presence  ds18b20.o
    0x08001e0c   0x08001e0c   0x00000058   Code   RO         1276    i.DS18B20_Read_Byte  ds18b20.o
    0x08001e64   0x08001e64   0x00000034   Code   RO         1277    i.DS18B20_Rst       ds18b20.o
    0x08001e98   0x08001e98   0x00000060   Code   RO         1279    i.DS18B20_Write_Byte  ds18b20.o
    0x08001ef8   0x08001ef8   0x00000002   Code   RO          239    i.DebugMon_Handler  stm32f10x_it.o
    0x08001efa   0x08001efa   0x00000002   PAD
    0x08001efc   0x08001efc   0x00000040   Code   RO         4550    i.Display_Data      data_processing.o
    0x08001f3c   0x08001f3c   0x00000180   Code   RO         4551    i.EC_Value_Conversion  data_processing.o
    0x080020bc   0x080020bc   0x00000020   Code   RO         1524    i.FSMC_NORSRAMCmd   stm32f10x_fsmc.o
    0x080020dc   0x080020dc   0x000000c8   Code   RO         1526    i.FSMC_NORSRAMInit  stm32f10x_fsmc.o
    0x080021a4   0x080021a4   0x00000138   Code   RO          723    i.FindSCR           sdio_sdcard.o
    0x080022dc   0x080022dc   0x0000009c   Code   RO         1639    i.GPIO_Init         stm32f10x_gpio.o
    0x08002378   0x08002378   0x00000058   Code   RO         1641    i.GPIO_PinRemapConfig  stm32f10x_gpio.o
    0x080023d0   0x080023d0   0x0000000e   Code   RO         1643    i.GPIO_ReadInputDataBit  stm32f10x_gpio.o
    0x080023de   0x080023de   0x00000004   Code   RO         1646    i.GPIO_ResetBits    stm32f10x_gpio.o
    0x080023e2   0x080023e2   0x00000004   Code   RO         1647    i.GPIO_SetBits      stm32f10x_gpio.o
    0x080023e6   0x080023e6   0x0000000a   Code   RO         1650    i.GPIO_WriteBit     stm32f10x_gpio.o
    0x080023f0   0x080023f0   0x0000008c   Code   RO         3974    i.Get_HzMat         text.o
    0x0800247c   0x0800247c   0x00000002   Code   RO          240    i.HardFault_Handler  stm32f10x_it.o
    0x0800247e   0x0800247e   0x00000004   Code   RO         1357    i.INTX_DISABLE      sys.o
    0x08002482   0x08002482   0x00000004   Code   RO         1358    i.INTX_ENABLE       sys.o
    0x08002486   0x08002486   0x00000002   PAD
    0x08002488   0x08002488   0x0000008c   Code   RO          724    i.IsCardProgramming  sdio_sdcard.o
    0x08002514   0x08002514   0x0000003c   Code   RO          368    i.KEY_Init          key.o
    0x08002550   0x08002550   0x000000cc   Code   RO          369    i.KEY_Scan          key.o
    0x0800261c   0x0800261c   0x00000030   Code   RO          388    i.LCD_Clear         lcd.o
    0x0800264c   0x0800264c   0x000000b8   Code   RO          392    i.LCD_Display_Dir   lcd.o
    0x08002704   0x08002704   0x000000ac   Code   RO          397    i.LCD_Fast_DrawPoint  lcd.o
    0x080027b0   0x080027b0   0x00000048   Code   RO          398    i.LCD_Fill          lcd.o
    0x080027f8   0x080027f8   0x00001e48   Code   RO          399    i.LCD_Init          lcd.o
    0x08004640   0x08004640   0x00000014   Code   RO          401    i.LCD_RD_DATA       lcd.o
    0x08004654   0x08004654   0x0000003c   Code   RO          404    i.LCD_SSD_BackLightSet  lcd.o
    0x08004690   0x08004690   0x00000144   Code   RO          405    i.LCD_Scan_Dir      lcd.o
    0x080047d4   0x080047d4   0x000000b4   Code   RO          406    i.LCD_SetCursor     lcd.o
    0x08004888   0x08004888   0x000000cc   Code   RO          408    i.LCD_ShowChar      lcd.o
    0x08004954   0x08004954   0x00000054   Code   RO          410    i.LCD_ShowString    lcd.o
    0x080049a8   0x080049a8   0x00000014   Code   RO          415    i.LCD_WriteRAM_Prepare  lcd.o
    0x080049bc   0x080049bc   0x00000010   Code   RO          416    i.LCD_WriteReg      lcd.o
    0x080049cc   0x080049cc   0x00000050   Code   RO          356    i.LED_Init          led.o
    0x08004a1c   0x08004a1c   0x00000050   Code   RO          995    i.MYDMA_SRAMLCD_Init  dma.o
    0x08004a6c   0x08004a6c   0x00000002   Code   RO          241    i.MemManage_Handler  stm32f10x_it.o
    0x08004a6e   0x08004a6e   0x00000002   Code   RO          242    i.NMI_Handler       stm32f10x_it.o
    0x08004a70   0x08004a70   0x00000064   Code   RO         1477    i.NVIC_Init         misc.o
    0x08004ad4   0x08004ad4   0x00000014   Code   RO         1478    i.NVIC_PriorityGroupConfig  misc.o
    0x08004ae8   0x08004ae8   0x00000026   Code   RO         1168    i.OLED_Clear        oled.o
    0x08004b0e   0x08004b0e   0x00000002   PAD
    0x08004b10   0x08004b10   0x00000050   Code   RO         1169    i.OLED_I2C_Init     oled.o
    0x08004b60   0x08004b60   0x00000054   Code   RO         1170    i.OLED_I2C_SendByte  oled.o
    0x08004bb4   0x08004bb4   0x00000034   Code   RO         1171    i.OLED_I2C_Start    oled.o
    0x08004be8   0x08004be8   0x0000002c   Code   RO         1172    i.OLED_I2C_Stop     oled.o
    0x08004c14   0x08004c14   0x000000ac   Code   RO         1173    i.OLED_Init         oled.o
    0x08004cc0   0x08004cc0   0x00000022   Code   RO         1175    i.OLED_SetCursor    oled.o
    0x08004ce2   0x08004ce2   0x00000002   PAD
    0x08004ce4   0x08004ce4   0x00000068   Code   RO         1177    i.OLED_ShowChar     oled.o
    0x08004d4c   0x08004d4c   0x00000026   Code   RO         1181    i.OLED_ShowString   oled.o
    0x08004d72   0x08004d72   0x00000022   Code   RO         1182    i.OLED_WriteCommand  oled.o
    0x08004d94   0x08004d94   0x00000022   Code   RO         1183    i.OLED_WriteData    oled.o
    0x08004db6   0x08004db6   0x00000002   PAD
    0x08004db8   0x08004db8   0x00000028   Code   RO         1013    i.OV2640_Auto_Exposure  ov2640.o
    0x08004de0   0x08004de0   0x0000003a   Code   RO         1014    i.OV2640_Brightness  ov2640.o
    0x08004e1a   0x08004e1a   0x00000026   Code   RO         1015    i.OV2640_Color_Bar  ov2640.o
    0x08004e40   0x08004e40   0x00000040   Code   RO         1016    i.OV2640_Color_Saturation  ov2640.o
    0x08004e80   0x08004e80   0x00000070   Code   RO         1017    i.OV2640_Contrast   ov2640.o
    0x08004ef0   0x08004ef0   0x0000004e   Code   RO         1018    i.OV2640_ImageSize_Set  ov2640.o
    0x08004f3e   0x08004f3e   0x00000088   Code   RO         1019    i.OV2640_ImageWin_Set  ov2640.o
    0x08004fc6   0x08004fc6   0x00000002   PAD
    0x08004fc8   0x08004fc8   0x00000194   Code   RO         1020    i.OV2640_Init       ov2640.o
    0x0800515c   0x0800515c   0x00000040   Code   RO         1021    i.OV2640_JPEG_Mode  ov2640.o
    0x0800519c   0x0800519c   0x00000064   Code   RO         1022    i.OV2640_Light_Mode  ov2640.o
    0x08005200   0x08005200   0x00000054   Code   RO         1023    i.OV2640_OutSize_Set  ov2640.o
    0x08005254   0x08005254   0x00000024   Code   RO         1024    i.OV2640_RGB565_Mode  ov2640.o
    0x08005278   0x08005278   0x00000070   Code   RO         1025    i.OV2640_Special_Effects  ov2640.o
    0x080052e8   0x080052e8   0x0000007c   Code   RO         1026    i.OV2640_Window_Set  ov2640.o
    0x08005364   0x08005364   0x000000d0   Code   RO         4553    i.PH_Value_Conversion  data_processing.o
    0x08005434   0x08005434   0x00000002   Code   RO          243    i.PendSV_Handler    stm32f10x_it.o
    0x08005436   0x08005436   0x00000002   PAD
    0x08005438   0x08005438   0x00000014   Code   RO         1747    i.RCC_ADCCLKConfig  stm32f10x_rcc.o
    0x0800544c   0x0800544c   0x00000018   Code   RO         1748    i.RCC_AHBPeriphClockCmd  stm32f10x_rcc.o
    0x08005464   0x08005464   0x00000018   Code   RO         1749    i.RCC_APB1PeriphClockCmd  stm32f10x_rcc.o
    0x0800547c   0x0800547c   0x00000018   Code   RO         1751    i.RCC_APB2PeriphClockCmd  stm32f10x_rcc.o
    0x08005494   0x08005494   0x00000094   Code   RO         1759    i.RCC_GetClocksFreq  stm32f10x_rcc.o
    0x08005528   0x08005528   0x0000006c   Code   RO         1115    i.SCCB_Init         sccb.o
    0x08005594   0x08005594   0x00000044   Code   RO         1116    i.SCCB_No_Ack       sccb.o
    0x080055d8   0x080055d8   0x00000074   Code   RO         1117    i.SCCB_RD_Byte      sccb.o
    0x0800564c   0x0800564c   0x0000004c   Code   RO         1118    i.SCCB_RD_Reg       sccb.o
    0x08005698   0x08005698   0x00000034   Code   RO         1119    i.SCCB_Start        sccb.o
    0x080056cc   0x080056cc   0x00000038   Code   RO         1120    i.SCCB_Stop         sccb.o
    0x08005704   0x08005704   0x00000090   Code   RO         1121    i.SCCB_WR_Byte      sccb.o
    0x08005794   0x08005794   0x0000003e   Code   RO         1122    i.SCCB_WR_Reg       sccb.o
    0x080057d2   0x080057d2   0x00000002   PAD
    0x080057d4   0x080057d4   0x0000008c   Code   RO          725    i.SDEnWideBus       sdio_sdcard.o
    0x08005860   0x08005860   0x0000000c   Code   RO         2931    i.SDIO_ClearFlag    stm32f10x_sdio.o
    0x0800586c   0x0800586c   0x0000000c   Code   RO         2933    i.SDIO_ClockCmd     stm32f10x_sdio.o
    0x08005878   0x08005878   0x00000014   Code   RO          726    i.SDIO_Clock_Set    sdio_sdcard.o
    0x0800588c   0x0800588c   0x0000000c   Code   RO         2936    i.SDIO_DMACmd       stm32f10x_sdio.o
    0x08005898   0x08005898   0x0000002c   Code   RO         2937    i.SDIO_DataConfig   stm32f10x_sdio.o
    0x080058c4   0x080058c4   0x00000024   Code   RO         2939    i.SDIO_DeInit       stm32f10x_sdio.o
    0x080058e8   0x080058e8   0x00000014   Code   RO         2943    i.SDIO_GetFlagStatus  stm32f10x_sdio.o
    0x080058fc   0x080058fc   0x00000010   Code   RO         2945    i.SDIO_GetPowerState  stm32f10x_sdio.o
    0x0800590c   0x0800590c   0x00000004   Code   RO          727    i.SDIO_IRQHandler   sdio_sdcard.o
    0x08005910   0x08005910   0x0000002c   Code   RO         2948    i.SDIO_Init         stm32f10x_sdio.o
    0x0800593c   0x0800593c   0x0000000c   Code   RO         2949    i.SDIO_ReadData     stm32f10x_sdio.o
    0x08005948   0x08005948   0x00000028   Code   RO         2951    i.SDIO_SendCommand  stm32f10x_sdio.o
    0x08005970   0x08005970   0x00000018   Code   RO         2953    i.SDIO_SetPowerState  stm32f10x_sdio.o
    0x08005988   0x08005988   0x0000000c   Code   RO         2959    i.SDIO_WriteData    stm32f10x_sdio.o
    0x08005994   0x08005994   0x00000060   Code   RO          728    i.SD_DMA_Config     sdio_sdcard.o
    0x080059f4   0x080059f4   0x0000004c   Code   RO          729    i.SD_EnableWideBusOperation  sdio_sdcard.o
    0x08005a40   0x08005a40   0x00000218   Code   RO          730    i.SD_GetCardInfo    sdio_sdcard.o
    0x08005c58   0x08005c58   0x000000e0   Code   RO          732    i.SD_Init           sdio_sdcard.o
    0x08005d38   0x08005d38   0x00000114   Code   RO          733    i.SD_InitializeCards  sdio_sdcard.o
    0x08005e4c   0x08005e4c   0x0000019c   Code   RO          735    i.SD_PowerON        sdio_sdcard.o
    0x08005fe8   0x08005fe8   0x000000e8   Code   RO          736    i.SD_ProcessIRQSrc  sdio_sdcard.o
    0x080060d0   0x080060d0   0x000001f8   Code   RO          737    i.SD_ReadBlock      sdio_sdcard.o
    0x080062c8   0x080062c8   0x00000078   Code   RO          738    i.SD_ReadDisk       sdio_sdcard.o
    0x08006340   0x08006340   0x00000260   Code   RO          739    i.SD_ReadMultiBlocks  sdio_sdcard.o
    0x080065a0   0x080065a0   0x0000002c   Code   RO          740    i.SD_SelectDeselect  sdio_sdcard.o
    0x080065cc   0x080065cc   0x00000018   Code   RO          742    i.SD_SetDeviceMode  sdio_sdcard.o
    0x080065e4   0x080065e4   0x000002cc   Code   RO          743    i.SD_WriteBlock     sdio_sdcard.o
    0x080068b0   0x080068b0   0x00000070   Code   RO          744    i.SD_WriteDisk      sdio_sdcard.o
    0x08006920   0x08006920   0x000002e4   Code   RO          745    i.SD_WriteMultiBlocks  sdio_sdcard.o
    0x08006c04   0x08006c04   0x00000094   Code   RO          591    i.SPI2_Init         spi.o
    0x08006c98   0x08006c98   0x00000050   Code   RO          592    i.SPI2_ReadWriteByte  spi.o
    0x08006ce8   0x08006ce8   0x0000001c   Code   RO          593    i.SPI2_SetSpeed     spi.o
    0x08006d04   0x08006d04   0x00000014   Code   RO         1952    i.SPI_Cmd           stm32f10x_spi.o
    0x08006d18   0x08006d18   0x0000000e   Code   RO         1960    i.SPI_I2S_GetFlagStatus  stm32f10x_spi.o
    0x08006d26   0x08006d26   0x00000004   Code   RO         1963    i.SPI_I2S_ReceiveData  stm32f10x_spi.o
    0x08006d2a   0x08006d2a   0x00000004   Code   RO         1964    i.SPI_I2S_SendData  stm32f10x_spi.o
    0x08006d2e   0x08006d2e   0x00000038   Code   RO         1965    i.SPI_Init          stm32f10x_spi.o
    0x08006d66   0x08006d66   0x00000002   Code   RO          244    i.SVC_Handler       stm32f10x_it.o
    0x08006d68   0x08006d68   0x000000a8   Code   RO          327    i.SetSysClockTo72   system_stm32f10x.o
    0x08006e10   0x08006e10   0x000000a4   Code   RO         3975    i.Show_Font         text.o
    0x08006eb4   0x08006eb4   0x000000ae   Code   RO         3976    i.Show_Str          text.o
    0x08006f62   0x08006f62   0x00000018   Code   RO         1481    i.SysTick_CLKSourceConfig  misc.o
    0x08006f7a   0x08006f7a   0x00000002   Code   RO          245    i.SysTick_Handler   stm32f10x_it.o
    0x08006f7c   0x08006f7c   0x00000050   Code   RO          329    i.SystemInit        system_stm32f10x.o
    0x08006fcc   0x08006fcc   0x000001a0   Code   RO         4554    i.TDS_Value_Conversion  data_processing.o
    0x0800716c   0x0800716c   0x0000008c   Code   RO         4555    i.TEMP_Value_Conversion  data_processing.o
    0x080071f8   0x080071f8   0x0000003c   Code   RO         3775    i.TIM4_IRQHandler   usmart.o
    0x08007234   0x08007234   0x00000040   Code   RO          925    i.TIM6_IRQHandler   timer.o
    0x08007274   0x08007274   0x00000006   Code   RO         2279    i.TIM_ClearFlag     stm32f10x_tim.o
    0x0800727a   0x0800727a   0x00000006   Code   RO         2280    i.TIM_ClearITPendingBit  stm32f10x_tim.o
    0x08007280   0x08007280   0x00000014   Code   RO         2285    i.TIM_Cmd           stm32f10x_tim.o
    0x08007294   0x08007294   0x00000004   Code   RO         2304    i.TIM_GetCounter    stm32f10x_tim.o
    0x08007298   0x08007298   0x0000000e   Code   RO         2305    i.TIM_GetFlagStatus  stm32f10x_tim.o
    0x080072a6   0x080072a6   0x00000018   Code   RO         2306    i.TIM_GetITStatus   stm32f10x_tim.o
    0x080072be   0x080072be   0x00000010   Code   RO         2310    i.TIM_ITConfig      stm32f10x_tim.o
    0x080072ce   0x080072ce   0x00000004   Code   RO         2344    i.TIM_SetAutoreload  stm32f10x_tim.o
    0x080072d2   0x080072d2   0x00000004   Code   RO         2350    i.TIM_SetCounter    stm32f10x_tim.o
    0x080072d6   0x080072d6   0x00000002   PAD
    0x080072d8   0x080072d8   0x0000009c   Code   RO         2356    i.TIM_TimeBaseInit  stm32f10x_tim.o
    0x08007374   0x08007374   0x00000060   Code   RO         3776    i.Timer4_Init       usmart.o
    0x080073d4   0x080073d4   0x00000064   Code   RO         1385    i.USART1_IRQHandler  usart.o
    0x08007438   0x08007438   0x00000014   Code   RO         2095    i.USART_Cmd         stm32f10x_usart.o
    0x0800744c   0x0800744c   0x0000000e   Code   RO         2098    i.USART_GetFlagStatus  stm32f10x_usart.o
    0x0800745a   0x0800745a   0x0000003e   Code   RO         2099    i.USART_GetITStatus  stm32f10x_usart.o
    0x08007498   0x08007498   0x00000030   Code   RO         2101    i.USART_ITConfig    stm32f10x_usart.o
    0x080074c8   0x080074c8   0x000000ac   Code   RO         2102    i.USART_Init        stm32f10x_usart.o
    0x08007574   0x08007574   0x00000008   Code   RO         2109    i.USART_ReceiveData  stm32f10x_usart.o
    0x0800757c   0x0800757c   0x00000008   Code   RO         2112    i.USART_SendData    stm32f10x_usart.o
    0x08007584   0x08007584   0x00000002   Code   RO          246    i.UsageFault_Handler  stm32f10x_it.o
    0x08007586   0x08007586   0x00000002   PAD
    0x08007588   0x08007588   0x00000058   Code   RO          619    i.W25QXX_Erase_Sector  w25qxx.o
    0x080075e0   0x080075e0   0x00000058   Code   RO          620    i.W25QXX_Init       w25qxx.o
    0x08007638   0x08007638   0x00000050   Code   RO          622    i.W25QXX_Read       w25qxx.o
    0x08007688   0x08007688   0x00000044   Code   RO          623    i.W25QXX_ReadID     w25qxx.o
    0x080076cc   0x080076cc   0x00000024   Code   RO          624    i.W25QXX_ReadSR     w25qxx.o
    0x080076f0   0x080076f0   0x0000000c   Code   RO          626    i.W25QXX_Wait_Busy  w25qxx.o
    0x080076fc   0x080076fc   0x000000ac   Code   RO          627    i.W25QXX_Write      w25qxx.o
    0x080077a8   0x080077a8   0x00000020   Code   RO          629    i.W25QXX_Write_Enable  w25qxx.o
    0x080077c8   0x080077c8   0x0000003e   Code   RO          630    i.W25QXX_Write_NoCheck  w25qxx.o
    0x08007806   0x08007806   0x00000002   PAD
    0x08007808   0x08007808   0x00000058   Code   RO          631    i.W25QXX_Write_Page  w25qxx.o
    0x08007860   0x08007860   0x00000028   Code   RO         4877    i.__ARM_fpclassify  m_ws.l(fpclassify.o)
    0x08007888   0x08007888   0x0000000e   Code   RO         4683    i._is_digit         c_w.l(__printf_wp.o)
    0x08007896   0x08007896   0x00000002   Code   RO         1386    i._sys_exit         usart.o
    0x08007898   0x08007898   0x00000068   Code   RO            1    i.camera_new_pathname  main.o
    0x08007900   0x08007900   0x0000005c   Code   RO         3245    i.check_fs          ff.o
    0x0800795c   0x0800795c   0x00000010   Code   RO         3246    i.chk_chr           ff.o
    0x0800796c   0x0800796c   0x00000024   Code   RO         3247    i.clmt_clust        ff.o
    0x08007990   0x08007990   0x00000018   Code   RO         3248    i.clust2sect        ff.o
    0x080079a8   0x080079a8   0x00000012   Code   RO          746    i.convert_from_bytes_to_power_of_two  sdio_sdcard.o
    0x080079ba   0x080079ba   0x0000009e   Code   RO         3249    i.create_chain      ff.o
    0x08007a58   0x08007a58   0x00000218   Code   RO         3250    i.create_name       ff.o
    0x08007c70   0x08007c70   0x00000026   Code   RO         1427    i.delay1_ms         delay1.o
    0x08007c96   0x08007c96   0x00000002   PAD
    0x08007c98   0x08007c98   0x0000003c   Code   RO         1330    i.delay_init        delay.o
    0x08007cd4   0x08007cd4   0x00000034   Code   RO         1331    i.delay_ms          delay.o
    0x08007d08   0x08007d08   0x00000034   Code   RO         1332    i.delay_us          delay.o
    0x08007d3c   0x08007d3c   0x00000042   Code   RO         3251    i.dir_alloc         ff.o
    0x08007d7e   0x08007d7e   0x00000002   PAD
    0x08007d80   0x08007d80   0x0000012c   Code   RO         3252    i.dir_find          ff.o
    0x08007eac   0x08007eac   0x000000e6   Code   RO         3253    i.dir_next          ff.o
    0x08007f92   0x08007f92   0x00000002   PAD
    0x08007f94   0x08007f94   0x00000164   Code   RO         3255    i.dir_register      ff.o
    0x080080f8   0x080080f8   0x0000007c   Code   RO         3257    i.dir_sdi           ff.o
    0x08008174   0x08008174   0x00000028   Code   RO         3185    i.disk_initialize   diskio.o
    0x0800819c   0x0800819c   0x00000074   Code   RO         3186    i.disk_ioctl        diskio.o
    0x08008210   0x08008210   0x0000004c   Code   RO         3187    i.disk_read         diskio.o
    0x0800825c   0x0800825c   0x00000004   Code   RO         3188    i.disk_status       diskio.o
    0x08008260   0x08008260   0x0000004c   Code   RO         3189    i.disk_write        diskio.o
    0x080082ac   0x080082ac   0x00000064   Code   RO         3571    i.exfuns_init       exfuns.o
    0x08008310   0x08008310   0x0000001c   Code   RO         3259    i.f_close           ff.o
    0x0800832c   0x0800832c   0x00000180   Code   RO         3265    i.f_mkdir           ff.o
    0x080084ac   0x080084ac   0x0000004c   Code   RO         3267    i.f_mount           ff.o
    0x080084f8   0x080084f8   0x00000158   Code   RO         3268    i.f_open            ff.o
    0x08008650   0x08008650   0x00000098   Code   RO         3278    i.f_sync            ff.o
    0x080086e8   0x080086e8   0x00000180   Code   RO         3282    i.f_write           ff.o
    0x08008868   0x08008868   0x00000070   Code   RO         3756    i.ff_convert        mycc936.o
    0x080088d8   0x080088d8   0x00000008   Code   RO         3190    i.ff_memalloc       diskio.o
    0x080088e0   0x080088e0   0x00000008   Code   RO         3191    i.ff_memfree        diskio.o
    0x080088e8   0x080088e8   0x00000024   Code   RO         3757    i.ff_wtoupper       mycc936.o
    0x0800890c   0x0800890c   0x00000238   Code   RO         3283    i.find_volume       ff.o
    0x08008b44   0x08008b44   0x00000066   Code   RO         3284    i.follow_path       ff.o
    0x08008baa   0x08008baa   0x00000002   PAD
    0x08008bac   0x08008bac   0x00000040   Code   RO         3932    i.font_init         fontupd.o
    0x08008bec   0x08008bec   0x00000018   Code   RO         1387    i.fputc             usart.o
    0x08008c04   0x08008c04   0x0000008c   Code   RO         3285    i.gen_numname       ff.o
    0x08008c90   0x08008c90   0x000000be   Code   RO         3286    i.get_fat           ff.o
    0x08008d4e   0x08008d4e   0x00000004   Code   RO         3192    i.get_fattime       diskio.o
    0x08008d52   0x08008d52   0x0000003c   Code   RO         3288    i.get_ldnumber      ff.o
    0x08008d8e   0x08008d8e   0x00000012   Code   RO         3289    i.ld_clust          ff.o
    0x08008da0   0x08008da0   0x000004ac   Code   RO            2    i.main              main.o
    0x0800924c   0x0800924c   0x00000010   Code   RO         3290    i.mem_cpy           ff.o
    0x0800925c   0x0800925c   0x0000000e   Code   RO         3291    i.mem_set           ff.o
    0x0800926a   0x0800926a   0x00000032   Code   RO         3292    i.move_window       ff.o
    0x0800929c   0x0800929c   0x00000058   Code   RO         3116    i.my_mem_free       malloc.o
    0x080092f4   0x080092f4   0x0000003c   Code   RO         3117    i.my_mem_init       malloc.o
    0x08009330   0x08009330   0x0000008c   Code   RO         3118    i.my_mem_malloc     malloc.o
    0x080093bc   0x080093bc   0x00000038   Code   RO         3119    i.my_mem_perused    malloc.o
    0x080093f4   0x080093f4   0x00000018   Code   RO         3120    i.myfree            malloc.o
    0x0800940c   0x0800940c   0x00000020   Code   RO         3121    i.mymalloc          malloc.o
    0x0800942c   0x0800942c   0x0000000c   Code   RO         3123    i.mymemset          malloc.o
    0x08009438   0x08009438   0x0000012c   Code   RO            3    i.ov2640_jpg_photo  main.o
    0x08009564   0x08009564   0x00000208   Code   RO            4    i.ov2640_sendphoto  main.o
    0x0800976c   0x0800976c   0x00000048   Code   RO            5    i.ov2640_speed_ctrl  main.o
    0x080097b4   0x080097b4   0x00000098   Code   RO         4556    i.printf_Data       data_processing.o
    0x0800984c   0x0800984c   0x000000f4   Code   RO         3293    i.put_fat           ff.o
    0x08009940   0x08009940   0x00000004   Code   RO         3777    i.read_addr         usmart.o
    0x08009944   0x08009944   0x00000062   Code   RO         3295    i.remove_chain      ff.o
    0x080099a6   0x080099a6   0x00000010   Code   RO         3296    i.st_clust          ff.o
    0x080099b6   0x080099b6   0x0000001a   Code   RO         3297    i.sum_sfn           ff.o
    0x080099d0   0x080099d0   0x000000b0   Code   RO         3298    i.sync_fs           ff.o
    0x08009a80   0x08009a80   0x00000052   Code   RO         3299    i.sync_window       ff.o
    0x08009ad2   0x08009ad2   0x00000002   PAD
    0x08009ad4   0x08009ad4   0x000000a0   Code   RO         1388    i.uart_init         usart.o
    0x08009b74   0x08009b74   0x00000094   Code   RO         3778    i.usmart_cmd_rec    usmart.o
    0x08009c08   0x08009c08   0x00000260   Code   RO         3779    i.usmart_exe        usmart.o
    0x08009e68   0x08009e68   0x0000009c   Code   RO         3865    i.usmart_get_aparm  usmart_str.o
    0x08009f04   0x08009f04   0x0000002e   Code   RO         3866    i.usmart_get_cmdname  usmart_str.o
    0x08009f32   0x08009f32   0x00000002   PAD
    0x08009f34   0x08009f34   0x00000168   Code   RO         3867    i.usmart_get_fname  usmart_str.o
    0x0800a09c   0x0800a09c   0x000000d0   Code   RO         3868    i.usmart_get_fparam  usmart_str.o
    0x0800a16c   0x0800a16c   0x00000024   Code   RO         3869    i.usmart_get_parmpos  usmart_str.o
    0x0800a190   0x0800a190   0x00000038   Code   RO         3780    i.usmart_get_runtime  usmart.o
    0x0800a1c8   0x0800a1c8   0x00000028   Code   RO         3781    i.usmart_init       usmart.o
    0x0800a1f0   0x0800a1f0   0x00000010   Code   RO         3870    i.usmart_pow        usmart_str.o
    0x0800a200   0x0800a200   0x00000030   Code   RO         3782    i.usmart_reset_runtime  usmart.o
    0x0800a230   0x0800a230   0x000000a4   Code   RO         3783    i.usmart_scan       usmart.o
    0x0800a2d4   0x0800a2d4   0x00000010   Code   RO         3871    i.usmart_search_nextc  usmart_str.o
    0x0800a2e4   0x0800a2e4   0x000000a0   Code   RO         3872    i.usmart_str2num    usmart_str.o
    0x0800a384   0x0800a384   0x00000018   Code   RO         3873    i.usmart_strcmp     usmart_str.o
    0x0800a39c   0x0800a39c   0x00000012   Code   RO         3874    i.usmart_strcopy    usmart_str.o
    0x0800a3ae   0x0800a3ae   0x00000012   Code   RO         3875    i.usmart_strlen     usmart_str.o
    0x0800a3c0   0x0800a3c0   0x00000670   Code   RO         3784    i.usmart_sys_cmd_exe  usmart.o
    0x0800aa30   0x0800aa30   0x00000026   Code   RO         3300    i.validate          ff.o
    0x0800aa56   0x0800aa56   0x00000004   Code   RO         3785    i.write_addr        usmart.o
    0x0800aa5a   0x0800aa5a   0x00000002   PAD
    0x0800aa5c   0x0800aa5c   0x0000002c   Code   RO         4871    locale$$code        c_w.l(lc_numeric_c.o)
    0x0800aa88   0x0800aa88   0x00000062   Code   RO         4714    x$fpl$d2f           fz_ws.l(d2f.o)
    0x0800aaea   0x0800aaea   0x00000002   PAD
    0x0800aaec   0x0800aaec   0x00000150   Code   RO         4716    x$fpl$dadd          fz_ws.l(daddsub_clz.o)
    0x0800ac3c   0x0800ac3c   0x00000010   Code   RO         4796    x$fpl$dcheck1       fz_ws.l(dcheck1.o)
    0x0800ac4c   0x0800ac4c   0x000002b0   Code   RO         4723    x$fpl$ddiv          fz_ws.l(ddiv.o)
    0x0800aefc   0x0800aefc   0x0000005a   Code   RO         4726    x$fpl$dfixu         fz_ws.l(dfixu.o)
    0x0800af56   0x0800af56   0x0000002e   Code   RO         4731    x$fpl$dflt          fz_ws.l(dflt_clz.o)
    0x0800af84   0x0800af84   0x00000026   Code   RO         4730    x$fpl$dfltu         fz_ws.l(dflt_clz.o)
    0x0800afaa   0x0800afaa   0x00000002   PAD
    0x0800afac   0x0800afac   0x00000154   Code   RO         4736    x$fpl$dmul          fz_ws.l(dmul.o)
    0x0800b100   0x0800b100   0x0000009c   Code   RO         4798    x$fpl$dnaninf       fz_ws.l(dnaninf.o)
    0x0800b19c   0x0800b19c   0x0000000c   Code   RO         4800    x$fpl$dretinf       fz_ws.l(dretinf.o)
    0x0800b1a8   0x0800b1a8   0x000001d4   Code   RO         4718    x$fpl$dsub          fz_ws.l(daddsub_clz.o)
    0x0800b37c   0x0800b37c   0x00000056   Code   RO         4738    x$fpl$f2d           fz_ws.l(f2d.o)
    0x0800b3d2   0x0800b3d2   0x00000002   PAD
    0x0800b3d4   0x0800b3d4   0x0000000c   Code   RO         4802    x$fpl$fcheck1       fz_ws.l(fcheck1.o)
    0x0800b3e0   0x0800b3e0   0x00000184   Code   RO         4747    x$fpl$fdiv          fz_ws.l(fdiv.o)
    0x0800b564   0x0800b564   0x00000036   Code   RO         4752    x$fpl$ffix          fz_ws.l(ffix.o)
    0x0800b59a   0x0800b59a   0x00000002   PAD
    0x0800b59c   0x0800b59c   0x00000026   Code   RO         4760    x$fpl$ffltu         fz_ws.l(fflt_clz.o)
    0x0800b5c2   0x0800b5c2   0x00000002   PAD
    0x0800b5c4   0x0800b5c4   0x00000102   Code   RO         4768    x$fpl$fmul          fz_ws.l(fmul.o)
    0x0800b6c6   0x0800b6c6   0x0000008c   Code   RO         4806    x$fpl$fnaninf       fz_ws.l(fnaninf.o)
    0x0800b752   0x0800b752   0x0000000a   Code   RO         4808    x$fpl$fretinf       fz_ws.l(fretinf.o)
    0x0800b75c   0x0800b75c   0x00000004   Code   RO         4770    x$fpl$printf1       fz_ws.l(printf1.o)
    0x0800b760   0x0800b760   0x00000064   Code   RO         4875    x$fpl$retnan        fz_ws.l(retnan.o)
    0x0800b7c4   0x0800b7c4   0x0000005c   Code   RO         4772    x$fpl$scalbn        fz_ws.l(scalbn.o)
    0x0800b820   0x0800b820   0x0000004c   Code   RO         4774    x$fpl$scalbnf       fz_ws.l(scalbnf.o)
    0x0800b86c   0x0800b86c   0x00000030   Code   RO         4939    x$fpl$trapveneer    fz_ws.l(trapv.o)
    0x0800b89c   0x0800b89c   0x00000000   Code   RO         4810    x$fpl$usenofp       fz_ws.l(usenofp.o)
    0x0800b89c   0x0800b89c   0x00000014   Data   RO            7    .constdata          main.o
    0x0800b8b0   0x0800b8b0   0x000017c0   Data   RO          419    .constdata          lcd.o
    0x0800d070   0x0800d070   0x000001c6   Data   RO         1027    .constdata          ov2640.o
    0x0800d236   0x0800d236   0x000005f0   Data   RO         1184    .constdata          oled.o
    0x0800d826   0x0800d826   0x00000002   PAD
    0x0800d828   0x0800d828   0x00000018   Data   RO         3129    .constdata          malloc.o
    0x0800d840   0x0800d840   0x0000003a   Data   RO         3301    .constdata          ff.o
    0x0800d87a   0x0800d87a   0x000003c0   Data   RO         3758    .constdata          mycc936.o
    0x0800dc3a   0x0800dc3a   0x00000028   Data   RO         4656    .constdata          c_w.l(_printf_hex_int.o)
    0x0800dc62   0x0800dc62   0x00000011   Data   RO         4691    .constdata          c_w.l(__printf_flags_ss_wp.o)
    0x0800dc73   0x0800dc73   0x00000001   PAD
    0x0800dc74   0x0800dc74   0x00000094   Data   RO         4842    .constdata          c_w.l(bigflt0.o)
    0x0800dd08   0x0800dd08   0x0000003c   Data   RO            9    .conststring        main.o
    0x0800dd44   0x0800dd44   0x00000028   Data   RO         3786    .conststring        usmart.o
    0x0800dd6c   0x0800dd6c   0x00000279   Data   RO         3851    .conststring        usmart_config.o
    0x0800dfe5   0x0800dfe5   0x00000003   PAD
    0x0800dfe8   0x0800dfe8   0x00000020   Data   RO         5020    Region$$Table       anon$$obj.o
    0x0800e008   0x0800e008   0x0000001c   Data   RO         4870    locale$$data        c_w.l(lc_numeric_c.o)


    Execution Region RW_IRAM1 (Exec base: 0x20000000, Load base: 0x0800e024, Size: 0x0000fd18, Max: 0x00010000, ABSOLUTE, COMPRESSED[0x000000fc])

    Exec Addr    Load Addr    Size         Type   Attr      Idx    E Section Name        Object

    0x20000000   COMPRESSED   0x00000028   Data   RW           11    .data               main.o
    0x20000028   COMPRESSED   0x00000014   Data   RW          330    .data               system_stm32f10x.o
    0x2000003c   COMPRESSED   0x00000001   Data   RW          370    .data               key.o
    0x2000003d   COMPRESSED   0x00000001   PAD
    0x2000003e   COMPRESSED   0x00000004   Data   RW          420    .data               lcd.o
    0x20000042   COMPRESSED   0x00000002   Data   RW          633    .data               w25qxx.o
    0x20000044   COMPRESSED   0x00000010   Data   RW          748    .data               sdio_sdcard.o
    0x20000054   COMPRESSED   0x00000001   Data   RW          927    .data               timer.o
    0x20000055   COMPRESSED   0x00000001   PAD
    0x20000056   COMPRESSED   0x00000004   Data   RW         1333    .data               delay.o
    0x2000005a   COMPRESSED   0x00000002   Data   RW         1390    .data               usart.o
    0x2000005c   COMPRESSED   0x00000004   Data   RW         1391    .data               usart.o
    0x20000060   COMPRESSED   0x00000014   Data   RW         1779    .data               stm32f10x_rcc.o
    0x20000074   COMPRESSED   0x0000001c   Data   RW         3130    .data               malloc.o
    0x20000090   COMPRESSED   0x00000002   Data   RW         3193    .data               diskio.o
    0x20000092   COMPRESSED   0x00000002   PAD
    0x20000094   COMPRESSED   0x0000000c   Data   RW         3302    .data               ff.o
    0x200000a0   COMPRESSED   0x00000014   Data   RW         3577    .data               exfuns.o
    0x200000b4   COMPRESSED   0x0000001c   Data   RW         3787    .data               usmart.o
    0x200000d0   COMPRESSED   0x00000088   Data   RW         3852    .data               usmart_config.o
    0x20000158   COMPRESSED   0x000000f4   Data   RW         3853    .data               usmart_config.o
    0x2000024c   COMPRESSED   0x00000006   Data   RW         4311    .data               bsp_adc.o
    0x20000252   COMPRESSED   0x00000002   PAD
    0x20000254   COMPRESSED   0x00000038   Data   RW         4561    .data               data_processing.o
    0x2000028c        -       0x0000000e   Zero   RW          418    .bss                lcd.o
    0x2000029a   COMPRESSED   0x00000006   PAD
    0x200002a0        -       0x000002c0   Zero   RW          747    .bss                sdio_sdcard.o
    0x20000560        -       0x000000c8   Zero   RW         1389    .bss                usart.o
    0x20000628   COMPRESSED   0x00000018   PAD
    0x20000640        -       0x0000e400   Zero   RW         3127    .bss                malloc.o
    0x2000ea40        -       0x00000e40   Zero   RW         3128    .bss                malloc.o
    0x2000f880        -       0x00000021   Zero   RW         3936    .bss                fontupd.o
    0x2000f8a1        -       0x00000014   Zero   RW         4557    .bss                data_processing.o
    0x2000f8b5   COMPRESSED   0x00000003   PAD
    0x2000f8b8        -       0x00000060   Zero   RW         4880    .bss                c_w.l(libspace.o)
    0x2000f918        -       0x00000000   Zero   RW         1471    HEAP                startup_stm32f10x_hd.o
    0x2000f918        -       0x00000400   Zero   RW         1470    STACK               startup_stm32f10x_hd.o



  Load Region LR$$.ARM.__AT_0x68000000 (Base: 0x68000000, Size: 0x00000000, Max: 0x00000020, ABSOLUTE)

    Execution Region ER$$.ARM.__AT_0x68000000 (Exec base: 0x68000000, Load base: 0x68000000, Size: 0x00000020, Max: 0x00000020, ABSOLUTE, UNINIT)

    Exec Addr    Load Addr    Size         Type   Attr      Idx    E Section Name        Object

    0x68000000        -       0x00000020   Zero   RW         3125    .ARM.__AT_0x68000000  malloc.o



  Load Region LR$$.ARM.__AT_0x68000020 (Base: 0x68000020, Size: 0x00000000, Max: 0x00000004, ABSOLUTE)

    Execution Region ER$$.ARM.__AT_0x68000020 (Exec base: 0x68000020, Load base: 0x68000020, Size: 0x00000004, Max: 0x00000004, ABSOLUTE, UNINIT)

    Exec Addr    Load Addr    Size         Type   Attr      Idx    E Section Name        Object

    0x68000020        -       0x00000002   Zero   RW         3126    .ARM.__AT_0x68000020  malloc.o


==============================================================================

Image component sizes


      Code (inc. data)   RO Data    RW Data    ZI Data      Debug   Object Name

        56          6          0          0          0        468   beep.o
       264         16          0          6          0       1179   bsp_adc.o
      1364        248          0         56         20       4859   data_processing.o
       164         26          0          4          0       1575   delay.o
        38          0          0          0          0        476   delay1.o
       332         14          0          2          0       5824   diskio.o
        80         10          0          0          0        557   dma.o
       500         34          0          0          0       4292   ds18b20.o
       100          6          0         20          0       1575   exfuns.o
      5144         60         58         12          0      35458   ff.o
        64          6          0          0         33       1913   fontupd.o
       264         22          0          1          0       1170   key.o
      9136        158       6080          4         14      47190   lcd.o
        80         10          0          0          0        471   led.o
      2192        520         80         40          0     304361   main.o
       412         46         24         28      62050       5788   malloc.o
       144         16          0          0          0       1945   misc.o
       148         14        960          0          0       1795   mycc936.o
       714         28       1520          0          0       6752   oled.o
      1450         82        454          0          0      10239   ov2640.o
       682         66          0          0          0       4607   sccb.o
      5776        266          0         16        704      33094   sdio_sdcard.o
       256         18          0          0          0       1685   spi.o
        60         22        304          0       1024        764   startup_stm32f10x_hd.o
       296         10          0          0          0       7145   stm32f10x_adc.o
       308         10          0          0          0       3442   stm32f10x_dma.o
       232          6          0          0          0       1781   stm32f10x_fsmc.o
       276          6          0          0          0       4898   stm32f10x_gpio.o
        18          0          0          0          0       3362   stm32f10x_it.o
       240         40          0         20          0       5373   stm32f10x_rcc.o
       284         66          0          0          0       7618   stm32f10x_sdio.o
        98          0          0          0          0       3638   stm32f10x_spi.o
       254         42          0          0          0       6883   stm32f10x_tim.o
       332          6          0          0          0       6081   stm32f10x_usart.o
         8          0          0          0          0        789   sys.o
       248         24          0         20          0       1585   system_stm32f10x.o
       478         16          0          0          0       3319   text.o
        64         24          0          1          0        665   timer.o
       286         26          0          6        200       3952   usart.o
      2876       1332         40         28          0       7250   usmart.o
         0          0        633        380          0       1504   usmart_config.o
      1058         20          0          0          0       8587   usmart_str.o
       726         52          0          2          0       6589   w25qxx.o

    ----------------------------------------------------------------------
     37542       3374      10190        652      64080     562498   Object Totals
         0          0         32          0          0          0   (incl. Generated)
        40          0          5          6         35          0   (incl. Padding)

    ----------------------------------------------------------------------

      Code (inc. data)   RO Data    RW Data    ZI Data      Debug   Library Member Name

        90          0          0          0          0          0   __dczerorl2.o
         8          0          0          0          0         68   __main.o
       392          4         17          0          0         92   __printf_flags_ss_wp.o
        14          0          0          0          0         68   __printf_wp.o
         0          0          0          0          0          0   __rtentry.o
        12          0          0          0          0          0   __rtentry2.o
         6          0          0          0          0          0   __rtentry4.o
        52          8          0          0          0          0   __scatter.o
        28          0          0          0          0          0   __scatter_zi.o
         6          0          0          0          0          0   _printf_c.o
        44          0          0          0          0        108   _printf_char.o
        48          6          0          0          0         96   _printf_char_common.o
        36          4          0          0          0         80   _printf_char_file.o
         6          0          0          0          0          0   _printf_d.o
       120         16          0          0          0         92   _printf_dec.o
         6          0          0          0          0          0   _printf_f.o
      1054          0          0          0          0        216   _printf_fp_dec.o
       128         16          0          0          0         84   _printf_fp_infnan.o
        88          4         40          0          0         88   _printf_hex_int.o
       178          0          0          0          0         88   _printf_intcommon.o
        78          0          0          0          0        108   _printf_pad.o
         0          0          0          0          0          0   _printf_percent.o
         4          0          0          0          0          0   _printf_percent_end.o
         6          0          0          0          0          0   _printf_s.o
        82          0          0          0          0         80   _printf_str.o
         6          0          0          0          0          0   _printf_u.o
         6          0          0          0          0          0   _printf_x.o
        10          0          0          0          0         68   _sputc.o
       228          4        148          0          0         96   bigflt0.o
      1936        128          0          0          0        672   btod.o
        18          0          0          0          0         80   exit.o
         8          0          0          0          0         68   ferror.o
         6          0          0          0          0        152   heapauxi.o
        44         10         28          0          0         76   lc_numeric_c.o
         2          0          0          0          0          0   libinit.o
        18          0          0          0          0          0   libinit2.o
         2          0          0          0          0          0   libshutdown.o
         2          0          0          0          0          0   libshutdown2.o
         8          4          0          0         96         68   libspace.o
        72          0          0          0          0         76   llsdiv.o
       138          0          0          0          0         80   lludiv10.o
       238          0          0          0          0        100   lludivv7m.o
        24          4          0          0          0         84   noretval__2printf.o
        40          6          0          0          0         84   noretval__2sprintf.o
         8          4          0          0          0         68   rt_locale_intlibspace.o
       138          0          0          0          0         68   rt_memcpy_v6.o
       100          0          0          0          0         80   rt_memcpy_w.o
         2          0          0          0          0          0   rtexit.o
        10          0          0          0          0          0   rtexit2.o
       128          0          0          0          0         68   strcmpv7m.o
        74          0          0          0          0         80   sys_stackheap_outer.o
         2          0          0          0          0         68   use_no_semi.o
         2          0          0          0          0         68   use_no_semi_2.o
        98          4          0          0          0         92   d2f.o
       804         16          0          0          0        272   daddsub_clz.o
        16          4          0          0          0         68   dcheck1.o
       688        140          0          0          0        208   ddiv.o
        90          4          0          0          0         92   dfixu.o
        84          0          0          0          0        136   dflt_clz.o
       340         12          0          0          0        104   dmul.o
       156          4          0          0          0         92   dnaninf.o
        12          0          0          0          0         68   dretinf.o
        86          4          0          0          0         84   f2d.o
        12          4          0          0          0         68   fcheck1.o
       388         76          0          0          0         96   fdiv.o
        54          4          0          0          0         84   ffix.o
        38          0          0          0          0         68   fflt_clz.o
       258          4          0          0          0         84   fmul.o
       140          4          0          0          0         84   fnaninf.o
        10          0          0          0          0         68   fretinf.o
         4          0          0          0          0         68   printf1.o
       100          0          0          0          0         68   retnan.o
        92          0          0          0          0         68   scalbn.o
        76          0          0          0          0         68   scalbnf.o
        48          0          0          0          0         68   trapv.o
         0          0          0          0          0          0   usenofp.o
        40          0          0          0          0         68   fpclassify.o

    ----------------------------------------------------------------------
      9414        498        234          0         96       5648   Library Totals
        24          0          1          0          0          0   (incl. Padding)

    ----------------------------------------------------------------------

      Code (inc. data)   RO Data    RW Data    ZI Data      Debug   Library Name

      5756        218        233          0         96       3472   c_w.l
      3594        280          0          0          0       2108   fz_ws.l
        40          0          0          0          0         68   m_ws.l

    ----------------------------------------------------------------------
      9414        498        234          0         96       5648   Library Totals

    ----------------------------------------------------------------------

==============================================================================


      Code (inc. data)   RO Data    RW Data    ZI Data      Debug   

     46956       3872      10424        652      64176     551138   Grand Totals
     46956       3872      10424        252      64176     551138   ELF Image Totals (compressed)
     46956       3872      10424        252          0          0   ROM Totals

==============================================================================

    Total RO  Size (Code + RO Data)                57380 (  56.04kB)
    Total RW  Size (RW Data + ZI Data)             64828 (  63.31kB)
    Total ROM Size (Code + RO Data + RW Data)      57632 (  56.28kB)

==============================================================================

